******************************************************************************
                  TI ARM Linker PC v20.2.7                     
******************************************************************************
>> Linked Tue Jan  3 17:14:46 2023

OUTPUT FILE NAME:   <UART_2.out>
ENTRY POINT SYMBOL: "_c_int00_noargs"  address: 00000cbd


MEMORY CONFIGURATION

         name            origin    length      used     unused   attr    fill
----------------------  --------  ---------  --------  --------  ----  --------
  FLASH                 00000000   00040000  00000e8e  0003f172  R  X
  SRAM                  20000000   00008000  00000205  00007dfb  RW X


SEGMENT ALLOCATION MAP

run origin  load origin   length   init length attrs members
----------  ----------- ---------- ----------- ----- -------
00000000    00000000    00000e90   00000e90    r-x
  00000000    00000000    0000026c   0000026c    r-- .intvecs
  0000026c    0000026c    00000b4a   00000b4a    r-x .text
  00000db8    00000db8    000000c0   000000c0    r-- .const
  00000e78    00000e78    00000018   00000018    r-- .cinit
20000000    20000000    00000205   00000000    rw-
  20000000    20000000    00000200   00000000    rw- .stack
  20000200    20000200    00000005   00000000    rw- .data


SECTION ALLOCATION MAP

 output                                  attributes/
section   page    origin      length       input sections
--------  ----  ----------  ----------   ----------------
.intvecs   0    00000000    0000026c     
                  00000000    0000026c     tm4c123gh6pm_startup_ccs.obj (.intvecs)

.text      0    0000026c    00000b4a     
                  0000026c    00000568     main.obj (.text)
                  000007d4    0000016c     driverlib.lib : gpio.obj (.text:GPIOPadConfigSet)
                  00000940    000000f4                   : sysctl.obj (.text:SysCtlClockSet)
                  00000a34    0000009c     rtsv7M4_T_le_v4SPD16_eabi.lib : memcpy_t2.asm.obj (.text)
                  00000ad0    00000068                                   : copy_decompress_lzss.c.obj (.text:decompress:lzss:__TI_decompress_lzss)
                  00000b38    0000004c     driverlib.lib : gpio.obj (.text:GPIOPinConfigure)
                  00000b84    00000046                   : uart.obj (.text:UARTConfigSetExpClk)
                  00000bca    00000002     rtsv7M4_T_le_v4SPD16_eabi.lib : div0.asm.obj (.text)
                  00000bcc    00000044                                   : autoinit.c.obj (.text:__TI_auto_init_nobinit_nopinit:__TI_auto_init_nobinit_nopinit)
                  00000c10    00000040                                   : u_divt2.asm.obj (.text)
                  00000c50    00000038     driverlib.lib : sysctl.obj (.text:SysCtlPeripheralPresent)
                  00000c88    00000034                   : sysctl.obj (.text:SysCtlPeripheralEnable)
                  00000cbc    00000034     rtsv7M4_T_le_v4SPD16_eabi.lib : boot_cortex_m.c.obj (.text:_c_int00_noargs:_c_int00_noargs)
                  00000cf0    0000002c     driverlib.lib : gpio.obj (.text:GPIODirModeSet)
                  00000d1c    00000020                   : uart.obj (.text:UARTDisable)
                  00000d3c    00000016                   : gpio.obj (.text:GPIOPinTypeUART)
                  00000d52    00000014                   : uart.obj (.text:UARTEnable)
                  00000d66    0000000e                   : uart.obj (.text:UARTCharsAvail)
                  00000d74    0000000e     rtsv7M4_T_le_v4SPD16_eabi.lib : copy_decompress_none.c.obj (.text:decompress:none:__TI_decompress_none)
                  00000d82    0000000c     tm4c123gh6pm_startup_ccs.obj (.text)
                  00000d8e    0000000a     driverlib.lib : uart.obj (.text:UARTCharGet)
                  00000d98    0000000a                   : uart.obj (.text:UARTCharPut)
                  00000da2    00000006                   : sysctl.obj (.text:SysCtlDelay)
                  00000da8    00000006                   : uart.obj (.text:UARTClockSourceSet)
                  00000dae    00000004     rtsv7M4_T_le_v4SPD16_eabi.lib : pre_init.c.obj (.text:_system_pre_init)
                  00000db2    00000004                                   : exit.c.obj (.text:abort:abort)

.const     0    00000db8    000000c0     
                  00000db8    00000090     driverlib.lib : gpio.obj (.const:g_pui32GPIOBaseAddrs)
                  00000e48    00000012     main.obj (.const:.string)
                  00000e5a    00000002     --HOLE-- [fill = 0]
                  00000e5c    0000000c     main.obj (.const:g_ui32UARTBase)
                  00000e68    0000000c     main.obj (.const:g_ui32UARTPeriph)
                  00000e74    00000004     main.obj (.const)

.cinit     0    00000e78    00000018     
                  00000e78    00000008     (__TI_handler_table)
                  00000e80    00000007     (.cinit..data.load) [load image, compression = lzss]
                  00000e87    00000001     --HOLE-- [fill = 0]
                  00000e88    00000008     (__TI_cinit_table)

.init_array 
*          0    00000000    00000000     UNINITIALIZED

.data      0    20000200    00000005     UNINITIALIZED
                  20000200    00000005     main.obj (.data)

.stack     0    20000000    00000200     UNINITIALIZED
                  20000000    00000004     rtsv7M4_T_le_v4SPD16_eabi.lib : boot_cortex_m.c.obj (.stack)
                  20000004    000001fc     --HOLE--

__llvm_prf_cnts 
*          0    20000000    00000000     UNINITIALIZED

MODULE SUMMARY

       Module                         code   ro data   rw data
       ------                         ----   -------   -------
    .\
       main.obj                       1384   46        5      
       tm4c123gh6pm_startup_ccs.obj   12     620       0      
    +--+------------------------------+------+---------+---------+
       Total:                         1396   666       5      
                                                              
    ../driverlib.lib
       gpio.obj                       506    144       0      
       sysctl.obj                     358    0         0      
       uart.obj                       162    0         0      
    +--+------------------------------+------+---------+---------+
       Total:                         1026   144       0      
                                                              
    C:\ti\ccs1210\ccs\tools\compiler\ti-cgt-arm_20.2.7.LTS\lib\rtsv7M4_T_le_v4SPD16_eabi.lib
       memcpy_t2.asm.obj              156    0         0      
       copy_decompress_lzss.c.obj     104    0         0      
       autoinit.c.obj                 68     0         0      
       u_divt2.asm.obj                64     0         0      
       boot_cortex_m.c.obj            52     0         0      
       copy_decompress_none.c.obj     14     0         0      
       exit.c.obj                     4      0         0      
       pre_init.c.obj                 4      0         0      
       div0.asm.obj                   2      0         0      
    +--+------------------------------+------+---------+---------+
       Total:                         468    0         0      
                                                              
       Stack:                         0      0         512    
       Linker Generated:              0      23        0      
    +--+------------------------------+------+---------+---------+
       Grand Total:                   2890   833       517    


LINKER GENERATED COPY TABLES

__TI_cinit_table @ 00000e88 records: 1, size/record: 8, table size: 8
	.data: load addr=00000e80, load size=00000007 bytes, run addr=20000200, run size=00000005 bytes, compression=lzss


LINKER GENERATED HANDLER TABLE

__TI_handler_table @ 00000e78 records: 2, size/record: 4, table size: 8
	index: 0, handler: __TI_decompress_lzss
	index: 1, handler: __TI_decompress_none


GLOBAL SYMBOLS: SORTED ALPHABETICALLY BY Name 

address   name                          
-------   ----                          
00000db3  C$$EXIT                       
00000cf1  GPIODirModeSet                
000007d5  GPIOPadConfigSet              
00000b39  GPIOPinConfigure              
00000d3d  GPIOPinTypeUART               
00000d83  ResetISR                      
00000941  SysCtlClockSet                
00000da3  SysCtlDelay                   
00000c89  SysCtlPeripheralEnable        
00000c51  SysCtlPeripheralPresent       
00000d8f  UARTCharGet                   
00000d99  UARTCharPut                   
00000d67  UARTCharsAvail                
00000da9  UARTClockSourceSet            
00000b85  UARTConfigSetExpClk           
00000d1d  UARTDisable                   
00000d53  UARTEnable                    
0000026d  UARTStdioConfig               
000003bd  UARTgetc                      
00000303  UARTgets                      
000006df  UARTprintf                    
000003e5  UARTvprintf                   
000002b3  UARTwrite                     
20000200  __STACK_END                   
00000200  __STACK_SIZE                  
20000200  __STACK_TOP                   
00000e88  __TI_CINIT_Base               
00000e90  __TI_CINIT_Limit              
00000e78  __TI_Handler_Table_Base       
00000e80  __TI_Handler_Table_Limit      
00000bcd  __TI_auto_init_nobinit_nopinit
00000ad1  __TI_decompress_lzss          
00000d75  __TI_decompress_none          
ffffffff  __TI_pprof_out_hndl           
ffffffff  __TI_prof_data_size           
ffffffff  __TI_prof_data_start          
00000000  __TI_static_base__            
00000bcb  __aeabi_idiv0                 
00000bcb  __aeabi_ldiv0                 
00000a35  __aeabi_memcpy                
00000a35  __aeabi_memcpy4               
00000a35  __aeabi_memcpy8               
00000c11  __aeabi_uidiv                 
00000c11  __aeabi_uidivmod              
ffffffff  __binit__                     
ffffffff  __c_args__                    
UNDEFED   __mpu_init                    
20000000  __stack                       
20000000  __start___llvm_prf_cnts       
20000000  __stop___llvm_prf_cnts        
00000cbd  _c_int00_noargs               
UNDEFED   _system_post_cinit            
00000daf  _system_pre_init              
00000db3  abort                         
ffffffff  binit                         
00000000  g_pfnVectors                  
00000703  main                          
00000a35  memcpy                        


GLOBAL SYMBOLS: SORTED BY Symbol Address 

address   name                          
-------   ----                          
00000000  __TI_static_base__            
00000000  g_pfnVectors                  
00000200  __STACK_SIZE                  
0000026d  UARTStdioConfig               
000002b3  UARTwrite                     
00000303  UARTgets                      
000003bd  UARTgetc                      
000003e5  UARTvprintf                   
000006df  UARTprintf                    
00000703  main                          
000007d5  GPIOPadConfigSet              
00000941  SysCtlClockSet                
00000a35  __aeabi_memcpy                
00000a35  __aeabi_memcpy4               
00000a35  __aeabi_memcpy8               
00000a35  memcpy                        
00000ad1  __TI_decompress_lzss          
00000b39  GPIOPinConfigure              
00000b85  UARTConfigSetExpClk           
00000bcb  __aeabi_idiv0                 
00000bcb  __aeabi_ldiv0                 
00000bcd  __TI_auto_init_nobinit_nopinit
00000c11  __aeabi_uidiv                 
00000c11  __aeabi_uidivmod              
00000c51  SysCtlPeripheralPresent       
00000c89  SysCtlPeripheralEnable        
00000cbd  _c_int00_noargs               
00000cf1  GPIODirModeSet                
00000d1d  UARTDisable                   
00000d3d  GPIOPinTypeUART               
00000d53  UARTEnable                    
00000d67  UARTCharsAvail                
00000d75  __TI_decompress_none          
00000d83  ResetISR                      
00000d8f  UARTCharGet                   
00000d99  UARTCharPut                   
00000da3  SysCtlDelay                   
00000da9  UARTClockSourceSet            
00000daf  _system_pre_init              
00000db3  C$$EXIT                       
00000db3  abort                         
00000e78  __TI_Handler_Table_Base       
00000e80  __TI_Handler_Table_Limit      
00000e88  __TI_CINIT_Base               
00000e90  __TI_CINIT_Limit              
20000000  __stack                       
20000000  __start___llvm_prf_cnts       
20000000  __stop___llvm_prf_cnts        
20000200  __STACK_END                   
20000200  __STACK_TOP                   
ffffffff  __TI_pprof_out_hndl           
ffffffff  __TI_prof_data_size           
ffffffff  __TI_prof_data_start          
ffffffff  __binit__                     
ffffffff  __c_args__                    
ffffffff  binit                         
UNDEFED   __mpu_init                    
UNDEFED   _system_post_cinit            

[58 symbols]
