******************************************************************************
                  TI ARM Linker PC v20.2.7                     
******************************************************************************
>> Linked Mon Jan  2 17:39:42 2023

OUTPUT FILE NAME:   <PWM_1.out>
ENTRY POINT SYMBOL: "_c_int00_noargs"  address: 00000741


MEMORY CONFIGURATION

         name            origin    length      used     unused   attr    fill
----------------------  --------  ---------  --------  --------  ----  --------
  FLASH                 00000000   00040000  0000090a  0003f6f6  R  X
  SRAM                  20000000   00008000  00000204  00007dfc  RW X


SEGMENT ALLOCATION MAP

run origin  load origin   length   init length attrs members
----------  ----------- ---------- ----------- ----- -------
00000000    00000000    00000910   00000910    r-x
  00000000    00000000    0000026c   0000026c    r-- .intvecs
  0000026c    0000026c    000005f6   000005f6    r-x .text
  00000864    00000864    00000090   00000090    r-- .const
  000008f8    000008f8    00000018   00000018    r-- .cinit
20000000    20000000    00000204   00000000    rw-
  20000000    20000000    00000200   00000000    rw- .stack
  20000200    20000200    00000004   00000000    rw- .data


SECTION ALLOCATION MAP

 output                                  attributes/
section   page    origin      length       input sections
--------  ----  ----------  ----------   ----------------
.intvecs   0    00000000    0000026c     
                  00000000    0000026c     tm4c123gh6pm_startup_ccs.obj (.intvecs)

.text      0    0000026c    000005f6     
                  0000026c    0000016c     driverlib.lib : gpio.obj (.text:GPIOPadConfigSet)
                  000003d8    000000f4                   : sysctl.obj (.text:SysCtlClockSet)
                  000004cc    000000ac      PWM_1.obj (.text)
                  00000578    0000009c     rtsv7M4_T_le_v4SPD16_eabi.lib : memcpy_t2.asm.obj (.text)
                  00000614    00000068                                   : copy_decompress_lzss.c.obj (.text:decompress:lzss:__TI_decompress_lzss)
                  0000067c    0000004c     driverlib.lib : gpio.obj (.text:GPIOPinConfigure)
                  000006c8    00000044     rtsv7M4_T_le_v4SPD16_eabi.lib : autoinit.c.obj (.text:__TI_auto_init_nobinit_nopinit:__TI_auto_init_nobinit_nopinit)
                  0000070c    00000034     driverlib.lib : sysctl.obj (.text:SysCtlPeripheralEnable)
                  00000740    00000034     rtsv7M4_T_le_v4SPD16_eabi.lib : boot_cortex_m.c.obj (.text:_c_int00_noargs:_c_int00_noargs)
                  00000774    0000002c     driverlib.lib : gpio.obj (.text:GPIODirModeSet)
                  000007a0    00000022                   : pwm.obj (.text:PWMGenConfigure)
                  000007c2    0000001e                   : pwm.obj (.text:PWMPulseWidthSet)
                  000007e0    00000016                   : gpio.obj (.text:GPIOPinTypePWM)
                  000007f6    00000002     --HOLE-- [fill = 0]
                  000007f8    00000014                   : sysctl.obj (.text:SysCtlPWMClockSet)
                  0000080c    00000012                   : pwm.obj (.text:PWMOutputState)
                  0000081e    00000010                   : pwm.obj (.text:PWMGenPeriodSet)
                  0000082e    0000000e     rtsv7M4_T_le_v4SPD16_eabi.lib : copy_decompress_none.c.obj (.text:decompress:none:__TI_decompress_none)
                  0000083c    0000000c     driverlib.lib : pwm.obj (.text:PWMGenEnable)
                  00000848    0000000c     tm4c123gh6pm_startup_ccs.obj (.text)
                  00000854    00000006     driverlib.lib : sysctl.obj (.text:SysCtlDelay)
                  0000085a    00000004     rtsv7M4_T_le_v4SPD16_eabi.lib : pre_init.c.obj (.text:_system_pre_init)
                  0000085e    00000004                                   : exit.c.obj (.text:abort:abort)

.const     0    00000864    00000090     
                  00000864    00000090     driverlib.lib : gpio.obj (.const:g_pui32GPIOBaseAddrs)

.cinit     0    000008f8    00000018     
                  000008f8    00000008     (__TI_handler_table)
                  00000900    00000007     (.cinit..data.load) [load image, compression = lzss]
                  00000907    00000001     --HOLE-- [fill = 0]
                  00000908    00000008     (__TI_cinit_table)

.init_array 
*          0    00000000    00000000     UNINITIALIZED

.data      0    20000200    00000004     UNINITIALIZED
                  20000200    00000004      PWM_1.obj (.data)

.stack     0    20000000    00000200     UNINITIALIZED
                  20000000    00000004     rtsv7M4_T_le_v4SPD16_eabi.lib : boot_cortex_m.c.obj (.stack)
                  20000004    000001fc     --HOLE--

__llvm_prf_cnts 
*          0    20000000    00000000     UNINITIALIZED

MODULE SUMMARY

       Module                         code   ro data   rw data
       ------                         ----   -------   -------
    .\
       tm4c123gh6pm_startup_ccs.obj   12     620       0      
        PWM_1.obj                     172    0         4      
    +--+------------------------------+------+---------+---------+
       Total:                         184    620       4      
                                                              
    ../driverlib.lib
       gpio.obj                       506    144       0      
       sysctl.obj                     322    0         0      
       pwm.obj                        110    0         0      
    +--+------------------------------+------+---------+---------+
       Total:                         938    144       0      
                                                              
    C:\ti\ccs1210\ccs\tools\compiler\ti-cgt-arm_20.2.7.LTS\lib\rtsv7M4_T_le_v4SPD16_eabi.lib
       memcpy_t2.asm.obj              156    0         0      
       copy_decompress_lzss.c.obj     104    0         0      
       autoinit.c.obj                 68     0         0      
       boot_cortex_m.c.obj            52     0         0      
       copy_decompress_none.c.obj     14     0         0      
       exit.c.obj                     4      0         0      
       pre_init.c.obj                 4      0         0      
    +--+------------------------------+------+---------+---------+
       Total:                         402    0         0      
                                                              
       Stack:                         0      0         512    
       Linker Generated:              0      23        0      
    +--+------------------------------+------+---------+---------+
       Grand Total:                   1524   787       516    


LINKER GENERATED COPY TABLES

__TI_cinit_table @ 00000908 records: 1, size/record: 8, table size: 8
	.data: load addr=00000900, load size=00000007 bytes, run addr=20000200, run size=00000004 bytes, compression=lzss


LINKER GENERATED HANDLER TABLE

__TI_handler_table @ 000008f8 records: 2, size/record: 4, table size: 8
	index: 0, handler: __TI_decompress_lzss
	index: 1, handler: __TI_decompress_none


GLOBAL SYMBOLS: SORTED ALPHABETICALLY BY Name 

address   name                          
-------   ----                          
0000085f  C$$EXIT                       
00000775  GPIODirModeSet                
0000026d  GPIOPadConfigSet              
0000067d  GPIOPinConfigure              
000007e1  GPIOPinTypePWM                
000007a1  PWMGenConfigure               
0000083d  PWMGenEnable                  
0000081f  PWMGenPeriodSet               
0000080d  PWMOutputState                
000007c3  PWMPulseWidthSet              
00000849  ResetISR                      
000003d9  SysCtlClockSet                
00000855  SysCtlDelay                   
000007f9  SysCtlPWMClockSet             
0000070d  SysCtlPeripheralEnable        
20000200  __STACK_END                   
00000200  __STACK_SIZE                  
20000200  __STACK_TOP                   
00000908  __TI_CINIT_Base               
00000910  __TI_CINIT_Limit              
000008f8  __TI_Handler_Table_Base       
00000900  __TI_Handler_Table_Limit      
000006c9  __TI_auto_init_nobinit_nopinit
00000615  __TI_decompress_lzss          
0000082f  __TI_decompress_none          
ffffffff  __TI_pprof_out_hndl           
ffffffff  __TI_prof_data_size           
ffffffff  __TI_prof_data_start          
00000000  __TI_static_base__            
00000579  __aeabi_memcpy                
00000579  __aeabi_memcpy4               
00000579  __aeabi_memcpy8               
ffffffff  __binit__                     
ffffffff  __c_args__                    
UNDEFED   __mpu_init                    
20000000  __stack                       
20000000  __start___llvm_prf_cnts       
20000000  __stop___llvm_prf_cnts        
00000741  _c_int00_noargs               
UNDEFED   _system_post_cinit            
0000085b  _system_pre_init              
0000085f  abort                         
ffffffff  binit                         
00000000  g_pfnVectors                  
20000200  i                             
000004cd  main                          
00000579  memcpy                        


GLOBAL SYMBOLS: SORTED BY Symbol Address 

address   name                          
-------   ----                          
00000000  __TI_static_base__            
00000000  g_pfnVectors                  
00000200  __STACK_SIZE                  
0000026d  GPIOPadConfigSet              
000003d9  SysCtlClockSet                
000004cd  main                          
00000579  __aeabi_memcpy                
00000579  __aeabi_memcpy4               
00000579  __aeabi_memcpy8               
00000579  memcpy                        
00000615  __TI_decompress_lzss          
0000067d  GPIOPinConfigure              
000006c9  __TI_auto_init_nobinit_nopinit
0000070d  SysCtlPeripheralEnable        
00000741  _c_int00_noargs               
00000775  GPIODirModeSet                
000007a1  PWMGenConfigure               
000007c3  PWMPulseWidthSet              
000007e1  GPIOPinTypePWM                
000007f9  SysCtlPWMClockSet             
0000080d  PWMOutputState                
0000081f  PWMGenPeriodSet               
0000082f  __TI_decompress_none          
0000083d  PWMGenEnable                  
00000849  ResetISR                      
00000855  SysCtlDelay                   
0000085b  _system_pre_init              
0000085f  C$$EXIT                       
0000085f  abort                         
000008f8  __TI_Handler_Table_Base       
00000900  __TI_Handler_Table_Limit      
00000908  __TI_CINIT_Base               
00000910  __TI_CINIT_Limit              
20000000  __stack                       
20000000  __start___llvm_prf_cnts       
20000000  __stop___llvm_prf_cnts        
20000200  __STACK_END                   
20000200  __STACK_TOP                   
20000200  i                             
ffffffff  __TI_pprof_out_hndl           
ffffffff  __TI_prof_data_size           
ffffffff  __TI_prof_data_start          
ffffffff  __binit__                     
ffffffff  __c_args__                    
ffffffff  binit                         
UNDEFED   __mpu_init                    
UNDEFED   _system_post_cinit            

[47 symbols]
