******************************************************************************
                  TI ARM Linker PC v20.2.7                     
******************************************************************************
>> Linked Tue Jan  3 16:08:12 2023

OUTPUT FILE NAME:   <PWM_DC.out>
ENTRY POINT SYMBOL: "_c_int00_noargs"  address: 0000073d


MEMORY CONFIGURATION

         name            origin    length      used     unused   attr    fill
----------------------  --------  ---------  --------  --------  ----  --------
  FLASH                 00000000   00040000  00000906  0003f6fa  R  X
  SRAM                  20000000   00008000  00000204  00007dfc  RW X


SEGMENT ALLOCATION MAP

run origin  load origin   length   init length attrs members
----------  ----------- ---------- ----------- ----- -------
00000000    00000000    00000908   00000908    r-x
  00000000    00000000    0000026c   0000026c    r-- .intvecs
  0000026c    0000026c    000005f2   000005f2    r-x .text
  00000860    00000860    00000090   00000090    r-- .const
  000008f0    000008f0    00000018   00000018    r-- .cinit
20000000    20000000    00000204   00000000    rw-
  20000000    20000000    00000200   00000000    rw- .stack
  20000200    20000200    00000004   00000000    rw- .data


SECTION ALLOCATION MAP

 output                                  attributes/
section   page    origin      length       input sections
--------  ----  ----------  ----------   ----------------
.intvecs   0    00000000    0000026c     
                  00000000    0000026c     tm4c123gh6pm_startup_ccs.obj (.intvecs)

.text      0    0000026c    000005f2     
                  0000026c    0000016c     driverlib.lib : gpio.obj (.text:GPIOPadConfigSet)
                  000003d8    000000f4                   : sysctl.obj (.text:SysCtlClockSet)
                  000004cc    000000a8      PWM_DC.obj (.text)
                  00000574    0000009c     rtsv7M4_T_le_v4SPD16_eabi.lib : memcpy_t2.asm.obj (.text)
                  00000610    00000068                                   : copy_decompress_lzss.c.obj (.text:decompress:lzss:__TI_decompress_lzss)
                  00000678    0000004c     driverlib.lib : gpio.obj (.text:GPIOPinConfigure)
                  000006c4    00000044     rtsv7M4_T_le_v4SPD16_eabi.lib : autoinit.c.obj (.text:__TI_auto_init_nobinit_nopinit:__TI_auto_init_nobinit_nopinit)
                  00000708    00000034     driverlib.lib : sysctl.obj (.text:SysCtlPeripheralEnable)
                  0000073c    00000034     rtsv7M4_T_le_v4SPD16_eabi.lib : boot_cortex_m.c.obj (.text:_c_int00_noargs:_c_int00_noargs)
                  00000770    0000002c     driverlib.lib : gpio.obj (.text:GPIODirModeSet)
                  0000079c    00000022                   : pwm.obj (.text:PWMGenConfigure)
                  000007be    0000001e                   : pwm.obj (.text:PWMPulseWidthSet)
                  000007dc    00000016                   : gpio.obj (.text:GPIOPinTypePWM)
                  000007f2    00000002     --HOLE-- [fill = 0]
                  000007f4    00000014                   : sysctl.obj (.text:SysCtlPWMClockSet)
                  00000808    00000012                   : pwm.obj (.text:PWMOutputState)
                  0000081a    00000010                   : pwm.obj (.text:PWMGenPeriodSet)
                  0000082a    0000000e     rtsv7M4_T_le_v4SPD16_eabi.lib : copy_decompress_none.c.obj (.text:decompress:none:__TI_decompress_none)
                  00000838    0000000c     driverlib.lib : pwm.obj (.text:PWMGenEnable)
                  00000844    0000000c     tm4c123gh6pm_startup_ccs.obj (.text)
                  00000850    00000006     driverlib.lib : sysctl.obj (.text:SysCtlDelay)
                  00000856    00000004     rtsv7M4_T_le_v4SPD16_eabi.lib : pre_init.c.obj (.text:_system_pre_init)
                  0000085a    00000004                                   : exit.c.obj (.text:abort:abort)

.const     0    00000860    00000090     
                  00000860    00000090     driverlib.lib : gpio.obj (.const:g_pui32GPIOBaseAddrs)

.cinit     0    000008f0    00000018     
                  000008f0    00000008     (__TI_handler_table)
                  000008f8    00000007     (.cinit..data.load) [load image, compression = lzss]
                  000008ff    00000001     --HOLE-- [fill = 0]
                  00000900    00000008     (__TI_cinit_table)

.init_array 
*          0    00000000    00000000     UNINITIALIZED

.data      0    20000200    00000004     UNINITIALIZED
                  20000200    00000004      PWM_DC.obj (.data)

.stack     0    20000000    00000200     UNINITIALIZED
                  20000000    00000004     rtsv7M4_T_le_v4SPD16_eabi.lib : boot_cortex_m.c.obj (.stack)
                  20000004    000001fc     --HOLE--

__llvm_prf_cnts 
*          0    20000000    00000000     UNINITIALIZED

MODULE SUMMARY

       Module                         code   ro data   rw data
       ------                         ----   -------   -------
    .\
       tm4c123gh6pm_startup_ccs.obj   12     620       0      
        PWM_DC.obj                    168    0         4      
    +--+------------------------------+------+---------+---------+
       Total:                         180    620       4      
                                                              
    ../driverlib.lib
       gpio.obj                       506    144       0      
       sysctl.obj                     322    0         0      
       pwm.obj                        110    0         0      
    +--+------------------------------+------+---------+---------+
       Total:                         938    144       0      
                                                              
    C:\ti\ccs1210\ccs\tools\compiler\ti-cgt-arm_20.2.7.LTS\lib\rtsv7M4_T_le_v4SPD16_eabi.lib
       memcpy_t2.asm.obj              156    0         0      
       copy_decompress_lzss.c.obj     104    0         0      
       autoinit.c.obj                 68     0         0      
       boot_cortex_m.c.obj            52     0         0      
       copy_decompress_none.c.obj     14     0         0      
       exit.c.obj                     4      0         0      
       pre_init.c.obj                 4      0         0      
    +--+------------------------------+------+---------+---------+
       Total:                         402    0         0      
                                                              
       Stack:                         0      0         512    
       Linker Generated:              0      23        0      
    +--+------------------------------+------+---------+---------+
       Grand Total:                   1520   787       516    


LINKER GENERATED COPY TABLES

__TI_cinit_table @ 00000900 records: 1, size/record: 8, table size: 8
	.data: load addr=000008f8, load size=00000007 bytes, run addr=20000200, run size=00000004 bytes, compression=lzss


LINKER GENERATED HANDLER TABLE

__TI_handler_table @ 000008f0 records: 2, size/record: 4, table size: 8
	index: 0, handler: __TI_decompress_lzss
	index: 1, handler: __TI_decompress_none


GLOBAL SYMBOLS: SORTED ALPHABETICALLY BY Name 

address   name                          
-------   ----                          
0000085b  C$$EXIT                       
00000771  GPIODirModeSet                
0000026d  GPIOPadConfigSet              
00000679  GPIOPinConfigure              
000007dd  GPIOPinTypePWM                
0000079d  PWMGenConfigure               
00000839  PWMGenEnable                  
0000081b  PWMGenPeriodSet               
00000809  PWMOutputState                
000007bf  PWMPulseWidthSet              
00000845  ResetISR                      
000003d9  SysCtlClockSet                
00000851  SysCtlDelay                   
000007f5  SysCtlPWMClockSet             
00000709  SysCtlPeripheralEnable        
20000200  __STACK_END                   
00000200  __STACK_SIZE                  
20000200  __STACK_TOP                   
00000900  __TI_CINIT_Base               
00000908  __TI_CINIT_Limit              
000008f0  __TI_Handler_Table_Base       
000008f8  __TI_Handler_Table_Limit      
000006c5  __TI_auto_init_nobinit_nopinit
00000611  __TI_decompress_lzss          
0000082b  __TI_decompress_none          
ffffffff  __TI_pprof_out_hndl           
ffffffff  __TI_prof_data_size           
ffffffff  __TI_prof_data_start          
00000000  __TI_static_base__            
00000575  __aeabi_memcpy                
00000575  __aeabi_memcpy4               
00000575  __aeabi_memcpy8               
ffffffff  __binit__                     
ffffffff  __c_args__                    
UNDEFED   __mpu_init                    
20000000  __stack                       
20000000  __start___llvm_prf_cnts       
20000000  __stop___llvm_prf_cnts        
0000073d  _c_int00_noargs               
UNDEFED   _system_post_cinit            
00000857  _system_pre_init              
0000085b  abort                         
ffffffff  binit                         
00000000  g_pfnVectors                  
20000200  i                             
000004cd  main                          
00000575  memcpy                        


GLOBAL SYMBOLS: SORTED BY Symbol Address 

address   name                          
-------   ----                          
00000000  __TI_static_base__            
00000000  g_pfnVectors                  
00000200  __STACK_SIZE                  
0000026d  GPIOPadConfigSet              
000003d9  SysCtlClockSet                
000004cd  main                          
00000575  __aeabi_memcpy                
00000575  __aeabi_memcpy4               
00000575  __aeabi_memcpy8               
00000575  memcpy                        
00000611  __TI_decompress_lzss          
00000679  GPIOPinConfigure              
000006c5  __TI_auto_init_nobinit_nopinit
00000709  SysCtlPeripheralEnable        
0000073d  _c_int00_noargs               
00000771  GPIODirModeSet                
0000079d  PWMGenConfigure               
000007bf  PWMPulseWidthSet              
000007dd  GPIOPinTypePWM                
000007f5  SysCtlPWMClockSet             
00000809  PWMOutputState                
0000081b  PWMGenPeriodSet               
0000082b  __TI_decompress_none          
00000839  PWMGenEnable                  
00000845  ResetISR                      
00000851  SysCtlDelay                   
00000857  _system_pre_init              
0000085b  C$$EXIT                       
0000085b  abort                         
000008f0  __TI_Handler_Table_Base       
000008f8  __TI_Handler_Table_Limit      
00000900  __TI_CINIT_Base               
00000908  __TI_CINIT_Limit              
20000000  __stack                       
20000000  __start___llvm_prf_cnts       
20000000  __stop___llvm_prf_cnts        
20000200  __STACK_END                   
20000200  __STACK_TOP                   
20000200  i                             
ffffffff  __TI_pprof_out_hndl           
ffffffff  __TI_prof_data_size           
ffffffff  __TI_prof_data_start          
ffffffff  __binit__                     
ffffffff  __c_args__                    
ffffffff  binit                         
UNDEFED   __mpu_init                    
UNDEFED   _system_post_cinit            

[47 symbols]
