******************************************************************************
                  TI ARM Linker PC v20.2.7                     
******************************************************************************
>> Linked Tue Jan 10 12:56:29 2023

OUTPUT FILE NAME:   <LCD_1.out>
ENTRY POINT SYMBOL: "_c_int00_noargs"  address: 00000779


MEMORY CONFIGURATION

         name            origin    length      used     unused   attr    fill
----------------------  --------  ---------  --------  --------  ----  --------
  FLASH                 00000000   00040000  00000874  0003f78c  R  X
  SRAM                  20000000   00008000  0000020d  00007df3  RW X


SEGMENT ALLOCATION MAP

run origin  load origin   length   init length attrs members
----------  ----------- ---------- ----------- ----- -------
00000000    00000000    00000878   00000878    r-x
  00000000    00000000    0000026c   0000026c    r-- .intvecs
  0000026c    0000026c    000005d0   000005d0    r-x .text
  00000840    00000840    00000038   00000038    r-- .cinit
20000000    20000000    00000210   00000000    rw-
  20000000    20000000    00000200   00000000    rw- .stack
  20000200    20000200    00000009   00000000    rw- .data
  2000020c    2000020c    00000004   00000000    rw- .bss


SECTION ALLOCATION MAP

 output                                  attributes/
section   page    origin      length       input sections
--------  ----  ----------  ----------   ----------------
.intvecs   0    00000000    0000026c     
                  00000000    0000026c     tm4c123gh6pm_startup_ccs.obj (.intvecs)

.text      0    0000026c    000005d0     
                  0000026c    0000016c     driverlib.lib : gpio.obj (.text:GPIOPadConfigSet)
                  000003d8    00000130     main.obj (.text)
                  00000508    000000f4     driverlib.lib : sysctl.obj (.text:SysCtlClockSet)
                  000005fc    0000009c     rtsv7M4_T_le_v4SPD16_eabi.lib : memcpy_t2.asm.obj (.text)
                  00000698    00000068                                   : copy_decompress_lzss.c.obj (.text:decompress:lzss:__TI_decompress_lzss)
                  00000700    00000044                                   : autoinit.c.obj (.text:__TI_auto_init_nobinit_nopinit:__TI_auto_init_nobinit_nopinit)
                  00000744    00000034     driverlib.lib : sysctl.obj (.text:SysCtlPeripheralEnable)
                  00000778    00000034     rtsv7M4_T_le_v4SPD16_eabi.lib : boot_cortex_m.c.obj (.text:_c_int00_noargs:_c_int00_noargs)
                  000007ac    0000002c     driverlib.lib : gpio.obj (.text:GPIODirModeSet)
                  000007d8    0000001c     rtsv7M4_T_le_v4SPD16_eabi.lib : copy_zero_init.c.obj (.text:decompress:ZI:__TI_zero_init_nomemset:__TI_zero_init_nomemset)
                  000007f4    0000001a     driverlib.lib : gpio.obj (.text:GPIOPinTypeGPIOOutput)
                  0000080e    0000000e     rtsv7M4_T_le_v4SPD16_eabi.lib : copy_decompress_none.c.obj (.text:decompress:none:__TI_decompress_none)
                  0000081c    0000000c     tm4c123gh6pm_startup_ccs.obj (.text)
                  00000828    00000006     driverlib.lib : gpio.obj (.text:GPIOPinWrite)
                  0000082e    00000006                   : sysctl.obj (.text:SysCtlDelay)
                  00000834    00000004     rtsv7M4_T_le_v4SPD16_eabi.lib : pre_init.c.obj (.text:_system_pre_init)
                  00000838    00000004                                   : exit.c.obj (.text:abort:abort)

.cinit     0    00000840    00000038     
                  00000840    0000000e     (.cinit..data.load) [load image, compression = lzss]
                  0000084e    00000002     --HOLE-- [fill = 0]
                  00000850    0000000c     (__TI_handler_table)
                  0000085c    00000004     --HOLE-- [fill = 0]
                  00000860    00000008     (.cinit..bss.load) [load image, compression = zero_init]
                  00000868    00000010     (__TI_cinit_table)

.init_array 
*          0    00000000    00000000     UNINITIALIZED

.data      0    20000200    00000009     UNINITIALIZED
                  20000200    00000009     main.obj (.data:a)

.bss       0    2000020c    00000004     UNINITIALIZED
                  2000020c    00000004     (.common:i)

.stack     0    20000000    00000200     UNINITIALIZED
                  20000000    00000004     rtsv7M4_T_le_v4SPD16_eabi.lib : boot_cortex_m.c.obj (.stack)
                  20000004    000001fc     --HOLE--

__llvm_prf_cnts 
*          0    20000000    00000000     UNINITIALIZED

MODULE SUMMARY

       Module                         code   ro data   rw data
       ------                         ----   -------   -------
    .\
       tm4c123gh6pm_startup_ccs.obj   12     620       0      
       main.obj                       304    0         13     
    +--+------------------------------+------+---------+---------+
       Total:                         316    620       13     
                                                              
    ../driverlib.lib
       gpio.obj                       440    0         0      
       sysctl.obj                     302    0         0      
    +--+------------------------------+------+---------+---------+
       Total:                         742    0         0      
                                                              
    C:\ti\ccs1210\ccs\tools\compiler\ti-cgt-arm_20.2.7.LTS\lib\rtsv7M4_T_le_v4SPD16_eabi.lib
       memcpy_t2.asm.obj              156    0         0      
       copy_decompress_lzss.c.obj     104    0         0      
       autoinit.c.obj                 68     0         0      
       boot_cortex_m.c.obj            52     0         0      
       copy_zero_init.c.obj           28     0         0      
       copy_decompress_none.c.obj     14     0         0      
       exit.c.obj                     4      0         0      
       pre_init.c.obj                 4      0         0      
    +--+------------------------------+------+---------+---------+
       Total:                         430    0         0      
                                                              
       Stack:                         0      0         512    
       Linker Generated:              0      50        0      
    +--+------------------------------+------+---------+---------+
       Grand Total:                   1488   670       525    


LINKER GENERATED COPY TABLES

__TI_cinit_table @ 00000868 records: 2, size/record: 8, table size: 16
	.data: load addr=00000840, load size=0000000e bytes, run addr=20000200, run size=00000009 bytes, compression=lzss
	.bss: load addr=00000860, load size=00000008 bytes, run addr=2000020c, run size=00000004 bytes, compression=zero_init


LINKER GENERATED HANDLER TABLE

__TI_handler_table @ 00000850 records: 3, size/record: 4, table size: 12
	index: 0, handler: __TI_decompress_lzss
	index: 1, handler: __TI_decompress_none
	index: 2, handler: __TI_zero_init


GLOBAL SYMBOLS: SORTED ALPHABETICALLY BY Name 

address   name                          
-------   ----                          
00000839  C$$EXIT                       
000007ad  GPIODirModeSet                
0000026d  GPIOPadConfigSet              
000007f5  GPIOPinTypeGPIOOutput         
00000829  GPIOPinWrite                  
0000081d  ResetISR                      
00000509  SysCtlClockSet                
0000082f  SysCtlDelay                   
00000745  SysCtlPeripheralEnable        
20000200  __STACK_END                   
00000200  __STACK_SIZE                  
20000200  __STACK_TOP                   
00000868  __TI_CINIT_Base               
00000878  __TI_CINIT_Limit              
00000850  __TI_Handler_Table_Base       
0000085c  __TI_Handler_Table_Limit      
00000701  __TI_auto_init_nobinit_nopinit
00000699  __TI_decompress_lzss          
0000080f  __TI_decompress_none          
ffffffff  __TI_pprof_out_hndl           
ffffffff  __TI_prof_data_size           
ffffffff  __TI_prof_data_start          
00000000  __TI_static_base__            
000007d9  __TI_zero_init_nomemset       
000005fd  __aeabi_memcpy                
000005fd  __aeabi_memcpy4               
000005fd  __aeabi_memcpy8               
ffffffff  __binit__                     
ffffffff  __c_args__                    
UNDEFED   __mpu_init                    
20000000  __stack                       
20000000  __start___llvm_prf_cnts       
20000000  __stop___llvm_prf_cnts        
00000779  _c_int00_noargs               
UNDEFED   _system_post_cinit            
00000835  _system_pre_init              
20000200  a                             
00000839  abort                         
ffffffff  binit                         
00000000  g_pfnVectors                  
2000020c  i                             
00000449  lcd_command                   
00000499  lcd_data                      
000003d9  main                          
000005fd  memcpy                        


GLOBAL SYMBOLS: SORTED BY Symbol Address 

address   name                          
-------   ----                          
00000000  __TI_static_base__            
00000000  g_pfnVectors                  
00000200  __STACK_SIZE                  
0000026d  GPIOPadConfigSet              
000003d9  main                          
00000449  lcd_command                   
00000499  lcd_data                      
00000509  SysCtlClockSet                
000005fd  __aeabi_memcpy                
000005fd  __aeabi_memcpy4               
000005fd  __aeabi_memcpy8               
000005fd  memcpy                        
00000699  __TI_decompress_lzss          
00000701  __TI_auto_init_nobinit_nopinit
00000745  SysCtlPeripheralEnable        
00000779  _c_int00_noargs               
000007ad  GPIODirModeSet                
000007d9  __TI_zero_init_nomemset       
000007f5  GPIOPinTypeGPIOOutput         
0000080f  __TI_decompress_none          
0000081d  ResetISR                      
00000829  GPIOPinWrite                  
0000082f  SysCtlDelay                   
00000835  _system_pre_init              
00000839  C$$EXIT                       
00000839  abort                         
00000850  __TI_Handler_Table_Base       
0000085c  __TI_Handler_Table_Limit      
00000868  __TI_CINIT_Base               
00000878  __TI_CINIT_Limit              
20000000  __stack                       
20000000  __start___llvm_prf_cnts       
20000000  __stop___llvm_prf_cnts        
20000200  __STACK_END                   
20000200  __STACK_TOP                   
20000200  a                             
2000020c  i                             
ffffffff  __TI_pprof_out_hndl           
ffffffff  __TI_prof_data_size           
ffffffff  __TI_prof_data_start          
ffffffff  __binit__                     
ffffffff  __c_args__                    
ffffffff  binit                         
UNDEFED   __mpu_init                    
UNDEFED   _system_post_cinit            

[45 symbols]
