******************************************************************************
                  TI ARM Linker PC v20.2.7                     
******************************************************************************
>> Linked Sat Jan  7 14:03:06 2023

OUTPUT FILE NAME:   <SPI_SLAVE.out>
ENTRY POINT SYMBOL: "_c_int00_noargs"  address: 00000e91


MEMORY CONFIGURATION

         name            origin    length      used     unused   attr    fill
----------------------  --------  ---------  --------  --------  ----  --------
  FLASH                 00000000   00040000  00001106  0003eefa  R  X
  SRAM                  20000000   00008000  00000205  00007dfb  RW X


SEGMENT ALLOCATION MAP

run origin  load origin   length   init length attrs members
----------  ----------- ---------- ----------- ----- -------
00000000    00000000    00001108   00001108    r-x
  00000000    00000000    0000026c   0000026c    r-- .intvecs
  0000026c    0000026c    00000d56   00000d56    r-x .text
  00000fc4    00000fc4    0000012c   0000012c    r-- .const
  000010f0    000010f0    00000018   00000018    r-- .cinit
20000000    20000000    00000205   00000000    rw-
  20000000    20000000    00000200   00000000    rw- .stack
  20000200    20000200    00000005   00000000    rw- .data


SECTION ALLOCATION MAP

 output                                  attributes/
section   page    origin      length       input sections
--------  ----  ----------  ----------   ----------------
.intvecs   0    00000000    0000026c     
                  00000000    0000026c     tm4c123gh6pm_startup_ccs.obj (.intvecs)

.text      0    0000026c    00000d56     
                  0000026c    000005e8      SPI_SLAVE.obj (.text)
                  00000854    0000016c     driverlib.lib : gpio.obj (.text:GPIOPadConfigSet)
                  000009c0    00000118                   : sysctl.obj (.text:SysCtlClockGet)
                  00000ad8    000000f4                   : sysctl.obj (.text:SysCtlClockSet)
                  00000bcc    0000009c     rtsv7M4_T_le_v4SPD16_eabi.lib : memcpy_t2.asm.obj (.text)
                  00000c68    00000068                                   : copy_decompress_lzss.c.obj (.text:decompress:lzss:__TI_decompress_lzss)
                  00000cd0    0000004c     driverlib.lib : gpio.obj (.text:GPIOPinConfigure)
                  00000d1c    00000046                   : uart.obj (.text:UARTConfigSetExpClk)
                  00000d62    00000002     rtsv7M4_T_le_v4SPD16_eabi.lib : div0.asm.obj (.text)
                  00000d64    00000044                                   : autoinit.c.obj (.text:__TI_auto_init_nobinit_nopinit:__TI_auto_init_nobinit_nopinit)
                  00000da8    00000040                                   : u_divt2.asm.obj (.text)
                  00000de8    0000003c     driverlib.lib : ssi.obj (.text:SSIConfigSetExpClk)
                  00000e24    00000038                   : sysctl.obj (.text:SysCtlPeripheralPresent)
                  00000e5c    00000034                   : sysctl.obj (.text:SysCtlPeripheralEnable)
                  00000e90    00000034     rtsv7M4_T_le_v4SPD16_eabi.lib : boot_cortex_m.c.obj (.text:_c_int00_noargs:_c_int00_noargs)
                  00000ec4    0000002c     driverlib.lib : gpio.obj (.text:GPIODirModeSet)
                  00000ef0    00000020                   : uart.obj (.text:UARTDisable)
                  00000f10    00000016                   : gpio.obj (.text:GPIOPinTypeSSI)
                  00000f26    00000016                   : gpio.obj (.text:GPIOPinTypeUART)
                  00000f3c    00000014                   : uart.obj (.text:UARTEnable)
                  00000f50    00000012                   : ssi.obj (.text:SSIDataGetNonBlocking)
                  00000f62    0000000e     rtsv7M4_T_le_v4SPD16_eabi.lib : copy_decompress_none.c.obj (.text:decompress:none:__TI_decompress_none)
                  00000f70    0000000c     driverlib.lib : ssi.obj (.text:SSIDataGet)
                  00000f7c    0000000c     tm4c123gh6pm_startup_ccs.obj (.text)
                  00000f88    0000000a     driverlib.lib : ssi.obj (.text:SSIEnable)
                  00000f92    0000000a                   : uart.obj (.text:UARTCharGet)
                  00000f9c    0000000a                   : uart.obj (.text:UARTCharPut)
                  00000fa6    00000008                   : ssi.obj (.text:SSIBusy)
                  00000fae    00000006                   : sysctl.obj (.text:SysCtlDelay)
                  00000fb4    00000006                   : uart.obj (.text:UARTClockSourceSet)
                  00000fba    00000004     rtsv7M4_T_le_v4SPD16_eabi.lib : pre_init.c.obj (.text:_system_pre_init)
                  00000fbe    00000004                                   : exit.c.obj (.text:abort:abort)

.const     0    00000fc4    0000012c     
                  00000fc4    00000090     driverlib.lib : gpio.obj (.const:g_pui32GPIOBaseAddrs)
                  00001054    0000006c                   : sysctl.obj (.const:g_pui32Xtals)
                  000010c0    00000012      SPI_SLAVE.obj (.const:.string)
                  000010d2    00000002     --HOLE-- [fill = 0]
                  000010d4    0000000c      SPI_SLAVE.obj (.const:g_ui32UARTBase)
                  000010e0    0000000c      SPI_SLAVE.obj (.const:g_ui32UARTPeriph)
                  000010ec    00000004      SPI_SLAVE.obj (.const)

.cinit     0    000010f0    00000018     
                  000010f0    00000008     (__TI_handler_table)
                  000010f8    00000007     (.cinit..data.load) [load image, compression = lzss]
                  000010ff    00000001     --HOLE-- [fill = 0]
                  00001100    00000008     (__TI_cinit_table)

.init_array 
*          0    00000000    00000000     UNINITIALIZED

.data      0    20000200    00000005     UNINITIALIZED
                  20000200    00000005      SPI_SLAVE.obj (.data)

.stack     0    20000000    00000200     UNINITIALIZED
                  20000000    00000004     rtsv7M4_T_le_v4SPD16_eabi.lib : boot_cortex_m.c.obj (.stack)
                  20000004    000001fc     --HOLE--

__llvm_prf_cnts 
*          0    20000000    00000000     UNINITIALIZED

MODULE SUMMARY

       Module                         code   ro data   rw data
       ------                         ----   -------   -------
    .\
        SPI_SLAVE.obj                 1512   46        5      
       tm4c123gh6pm_startup_ccs.obj   12     620       0      
    +--+------------------------------+------+---------+---------+
       Total:                         1524   666       5      
                                                              
    ../driverlib.lib
       sysctl.obj                     638    108       0      
       gpio.obj                       528    144       0      
       uart.obj                       148    0         0      
       ssi.obj                        108    0         0      
    +--+------------------------------+------+---------+---------+
       Total:                         1422   252       0      
                                                              
    C:\ti\ccs1210\ccs\tools\compiler\ti-cgt-arm_20.2.7.LTS\lib\rtsv7M4_T_le_v4SPD16_eabi.lib
       memcpy_t2.asm.obj              156    0         0      
       copy_decompress_lzss.c.obj     104    0         0      
       autoinit.c.obj                 68     0         0      
       u_divt2.asm.obj                64     0         0      
       boot_cortex_m.c.obj            52     0         0      
       copy_decompress_none.c.obj     14     0         0      
       exit.c.obj                     4      0         0      
       pre_init.c.obj                 4      0         0      
       div0.asm.obj                   2      0         0      
    +--+------------------------------+------+---------+---------+
       Total:                         468    0         0      
                                                              
       Stack:                         0      0         512    
       Linker Generated:              0      23        0      
    +--+------------------------------+------+---------+---------+
       Grand Total:                   3414   941       517    


LINKER GENERATED COPY TABLES

__TI_cinit_table @ 00001100 records: 1, size/record: 8, table size: 8
	.data: load addr=000010f8, load size=00000007 bytes, run addr=20000200, run size=00000005 bytes, compression=lzss


LINKER GENERATED HANDLER TABLE

__TI_handler_table @ 000010f0 records: 2, size/record: 4, table size: 8
	index: 0, handler: __TI_decompress_lzss
	index: 1, handler: __TI_decompress_none


GLOBAL SYMBOLS: SORTED ALPHABETICALLY BY Name 

address   name                          
-------   ----                          
00000fbf  C$$EXIT                       
00000ec5  GPIODirModeSet                
00000855  GPIOPadConfigSet              
00000cd1  GPIOPinConfigure              
00000f11  GPIOPinTypeSSI                
00000f27  GPIOPinTypeUART               
00000f7d  ResetISR                      
00000fa7  SSIBusy                       
00000de9  SSIConfigSetExpClk            
00000f71  SSIDataGet                    
00000f51  SSIDataGetNonBlocking         
00000f89  SSIEnable                     
000009c1  SysCtlClockGet                
00000ad9  SysCtlClockSet                
00000faf  SysCtlDelay                   
00000e5d  SysCtlPeripheralEnable        
00000e25  SysCtlPeripheralPresent       
00000f93  UARTCharGet                   
00000f9d  UARTCharPut                   
00000fb5  UARTClockSourceSet            
00000d1d  UARTConfigSetExpClk           
00000ef1  UARTDisable                   
00000f3d  UARTEnable                    
0000026d  UARTStdioConfig               
000003bd  UARTgetc                      
00000303  UARTgets                      
000006df  UARTprintf                    
000003e5  UARTvprintf                   
000002b3  UARTwrite                     
20000200  __STACK_END                   
00000200  __STACK_SIZE                  
20000200  __STACK_TOP                   
00001100  __TI_CINIT_Base               
00001108  __TI_CINIT_Limit              
000010f0  __TI_Handler_Table_Base       
000010f8  __TI_Handler_Table_Limit      
00000d65  __TI_auto_init_nobinit_nopinit
00000c69  __TI_decompress_lzss          
00000f63  __TI_decompress_none          
ffffffff  __TI_pprof_out_hndl           
ffffffff  __TI_prof_data_size           
ffffffff  __TI_prof_data_start          
00000000  __TI_static_base__            
00000d63  __aeabi_idiv0                 
00000d63  __aeabi_ldiv0                 
00000bcd  __aeabi_memcpy                
00000bcd  __aeabi_memcpy4               
00000bcd  __aeabi_memcpy8               
00000da9  __aeabi_uidiv                 
00000da9  __aeabi_uidivmod              
ffffffff  __binit__                     
ffffffff  __c_args__                    
UNDEFED   __mpu_init                    
20000000  __stack                       
20000000  __start___llvm_prf_cnts       
20000000  __stop___llvm_prf_cnts        
00000e91  _c_int00_noargs               
UNDEFED   _system_post_cinit            
00000fbb  _system_pre_init              
00000fbf  abort                         
ffffffff  binit                         
00000000  g_pfnVectors                  
00000703  main                          
00000bcd  memcpy                        


GLOBAL SYMBOLS: SORTED BY Symbol Address 

address   name                          
-------   ----                          
00000000  __TI_static_base__            
00000000  g_pfnVectors                  
00000200  __STACK_SIZE                  
0000026d  UARTStdioConfig               
000002b3  UARTwrite                     
00000303  UARTgets                      
000003bd  UARTgetc                      
000003e5  UARTvprintf                   
000006df  UARTprintf                    
00000703  main                          
00000855  GPIOPadConfigSet              
000009c1  SysCtlClockGet                
00000ad9  SysCtlClockSet                
00000bcd  __aeabi_memcpy                
00000bcd  __aeabi_memcpy4               
00000bcd  __aeabi_memcpy8               
00000bcd  memcpy                        
00000c69  __TI_decompress_lzss          
00000cd1  GPIOPinConfigure              
00000d1d  UARTConfigSetExpClk           
00000d63  __aeabi_idiv0                 
00000d63  __aeabi_ldiv0                 
00000d65  __TI_auto_init_nobinit_nopinit
00000da9  __aeabi_uidiv                 
00000da9  __aeabi_uidivmod              
00000de9  SSIConfigSetExpClk            
00000e25  SysCtlPeripheralPresent       
00000e5d  SysCtlPeripheralEnable        
00000e91  _c_int00_noargs               
00000ec5  GPIODirModeSet                
00000ef1  UARTDisable                   
00000f11  GPIOPinTypeSSI                
00000f27  GPIOPinTypeUART               
00000f3d  UARTEnable                    
00000f51  SSIDataGetNonBlocking         
00000f63  __TI_decompress_none          
00000f71  SSIDataGet                    
00000f7d  ResetISR                      
00000f89  SSIEnable                     
00000f93  UARTCharGet                   
00000f9d  UARTCharPut                   
00000fa7  SSIBusy                       
00000faf  SysCtlDelay                   
00000fb5  UARTClockSourceSet            
00000fbb  _system_pre_init              
00000fbf  C$$EXIT                       
00000fbf  abort                         
000010f0  __TI_Handler_Table_Base       
000010f8  __TI_Handler_Table_Limit      
00001100  __TI_CINIT_Base               
00001108  __TI_CINIT_Limit              
20000000  __stack                       
20000000  __start___llvm_prf_cnts       
20000000  __stop___llvm_prf_cnts        
20000200  __STACK_END                   
20000200  __STACK_TOP                   
ffffffff  __TI_pprof_out_hndl           
ffffffff  __TI_prof_data_size           
ffffffff  __TI_prof_data_start          
ffffffff  __binit__                     
ffffffff  __c_args__                    
ffffffff  binit                         
UNDEFED   __mpu_init                    
UNDEFED   _system_post_cinit            

[64 symbols]
