******************************************************************************
                  TI ARM Linker PC v20.2.7                     
******************************************************************************
>> Linked Tue Jan  3 16:17:57 2023

OUTPUT FILE NAME:   <UART_1.out>
ENTRY POINT SYMBOL: "_c_int00_noargs"  address: 00000b79


MEMORY CONFIGURATION

         name            origin    length      used     unused   attr    fill
----------------------  --------  ---------  --------  --------  ----  --------
  FLASH                 00000000   00040000  00000d3c  0003f2c4  R  X
  SRAM                  20000000   00008000  00000205  00007dfb  RW X


SEGMENT ALLOCATION MAP

run origin  load origin   length   init length attrs members
----------  ----------- ---------- ----------- ----- -------
00000000    00000000    00000d40   00000d40    r-x
  00000000    00000000    0000026c   0000026c    r-- .intvecs
  0000026c    0000026c    000009f8   000009f8    r-x .text
  00000c64    00000c64    000000c0   000000c0    r-- .const
  00000d28    00000d28    00000018   00000018    r-- .cinit
20000000    20000000    00000205   00000000    rw-
  20000000    20000000    00000200   00000000    rw- .stack
  20000200    20000200    00000005   00000000    rw- .data


SECTION ALLOCATION MAP

 output                                  attributes/
section   page    origin      length       input sections
--------  ----  ----------  ----------   ----------------
.intvecs   0    00000000    0000026c     
                  00000000    0000026c     tm4c123gh6pm_startup_ccs.obj (.intvecs)

.text      0    0000026c    000009f8     
                  0000026c    00000518     main.obj (.text)
                  00000784    0000016c     driverlib.lib : gpio.obj (.text:GPIOPadConfigSet)
                  000008f0    0000009c     rtsv7M4_T_le_v4SPD16_eabi.lib : memcpy_t2.asm.obj (.text)
                  0000098c    00000068                                   : copy_decompress_lzss.c.obj (.text:decompress:lzss:__TI_decompress_lzss)
                  000009f4    0000004c     driverlib.lib : gpio.obj (.text:GPIOPinConfigure)
                  00000a40    00000046                   : uart.obj (.text:UARTConfigSetExpClk)
                  00000a86    00000002     rtsv7M4_T_le_v4SPD16_eabi.lib : div0.asm.obj (.text)
                  00000a88    00000044                                   : autoinit.c.obj (.text:__TI_auto_init_nobinit_nopinit:__TI_auto_init_nobinit_nopinit)
                  00000acc    00000040                                   : u_divt2.asm.obj (.text)
                  00000b0c    00000038     driverlib.lib : sysctl.obj (.text:SysCtlPeripheralPresent)
                  00000b44    00000034                   : sysctl.obj (.text:SysCtlPeripheralEnable)
                  00000b78    00000034     rtsv7M4_T_le_v4SPD16_eabi.lib : boot_cortex_m.c.obj (.text:_c_int00_noargs:_c_int00_noargs)
                  00000bac    0000002c     driverlib.lib : gpio.obj (.text:GPIODirModeSet)
                  00000bd8    00000020                   : uart.obj (.text:UARTDisable)
                  00000bf8    00000016                   : gpio.obj (.text:GPIOPinTypeUART)
                  00000c0e    00000014                   : uart.obj (.text:UARTEnable)
                  00000c22    0000000e     rtsv7M4_T_le_v4SPD16_eabi.lib : copy_decompress_none.c.obj (.text:decompress:none:__TI_decompress_none)
                  00000c30    0000000c     tm4c123gh6pm_startup_ccs.obj (.text)
                  00000c3c    0000000a     driverlib.lib : uart.obj (.text:UARTCharGet)
                  00000c46    0000000a                   : uart.obj (.text:UARTCharPut)
                  00000c50    00000006                   : sysctl.obj (.text:SysCtlDelay)
                  00000c56    00000006                   : uart.obj (.text:UARTClockSourceSet)
                  00000c5c    00000004     rtsv7M4_T_le_v4SPD16_eabi.lib : pre_init.c.obj (.text:_system_pre_init)
                  00000c60    00000004                                   : exit.c.obj (.text:abort:abort)

.const     0    00000c64    000000c0     
                  00000c64    00000090     driverlib.lib : gpio.obj (.const:g_pui32GPIOBaseAddrs)
                  00000cf4    00000012     main.obj (.const:.string)
                  00000d06    00000002     --HOLE-- [fill = 0]
                  00000d08    0000000c     main.obj (.const:g_ui32UARTBase)
                  00000d14    0000000c     main.obj (.const:g_ui32UARTPeriph)
                  00000d20    00000004     main.obj (.const)

.cinit     0    00000d28    00000018     
                  00000d28    00000008     (__TI_handler_table)
                  00000d30    00000007     (.cinit..data.load) [load image, compression = lzss]
                  00000d37    00000001     --HOLE-- [fill = 0]
                  00000d38    00000008     (__TI_cinit_table)

.init_array 
*          0    00000000    00000000     UNINITIALIZED

.data      0    20000200    00000005     UNINITIALIZED
                  20000200    00000005     main.obj (.data)

.stack     0    20000000    00000200     UNINITIALIZED
                  20000000    00000004     rtsv7M4_T_le_v4SPD16_eabi.lib : boot_cortex_m.c.obj (.stack)
                  20000004    000001fc     --HOLE--

__llvm_prf_cnts 
*          0    20000000    00000000     UNINITIALIZED

MODULE SUMMARY

       Module                         code   ro data   rw data
       ------                         ----   -------   -------
    .\
       main.obj                       1304   46        5      
       tm4c123gh6pm_startup_ccs.obj   12     620       0      
    +--+------------------------------+------+---------+---------+
       Total:                         1316   666       5      
                                                              
    ../driverlib.lib
       gpio.obj                       506    144       0      
       uart.obj                       148    0         0      
       sysctl.obj                     114    0         0      
    +--+------------------------------+------+---------+---------+
       Total:                         768    144       0      
                                                              
    C:\ti\ccs1210\ccs\tools\compiler\ti-cgt-arm_20.2.7.LTS\lib\rtsv7M4_T_le_v4SPD16_eabi.lib
       memcpy_t2.asm.obj              156    0         0      
       copy_decompress_lzss.c.obj     104    0         0      
       autoinit.c.obj                 68     0         0      
       u_divt2.asm.obj                64     0         0      
       boot_cortex_m.c.obj            52     0         0      
       copy_decompress_none.c.obj     14     0         0      
       exit.c.obj                     4      0         0      
       pre_init.c.obj                 4      0         0      
       div0.asm.obj                   2      0         0      
    +--+------------------------------+------+---------+---------+
       Total:                         468    0         0      
                                                              
       Stack:                         0      0         512    
       Linker Generated:              0      23        0      
    +--+------------------------------+------+---------+---------+
       Grand Total:                   2552   833       517    


LINKER GENERATED COPY TABLES

__TI_cinit_table @ 00000d38 records: 1, size/record: 8, table size: 8
	.data: load addr=00000d30, load size=00000007 bytes, run addr=20000200, run size=00000005 bytes, compression=lzss


LINKER GENERATED HANDLER TABLE

__TI_handler_table @ 00000d28 records: 2, size/record: 4, table size: 8
	index: 0, handler: __TI_decompress_lzss
	index: 1, handler: __TI_decompress_none


GLOBAL SYMBOLS: SORTED ALPHABETICALLY BY Name 

address   name                          
-------   ----                          
00000c61  C$$EXIT                       
00000bad  GPIODirModeSet                
00000785  GPIOPadConfigSet              
000009f5  GPIOPinConfigure              
00000bf9  GPIOPinTypeUART               
00000c31  ResetISR                      
00000c51  SysCtlDelay                   
00000b45  SysCtlPeripheralEnable        
00000b0d  SysCtlPeripheralPresent       
00000c3d  UARTCharGet                   
00000c47  UARTCharPut                   
00000c57  UARTClockSourceSet            
00000a41  UARTConfigSetExpClk           
00000bd9  UARTDisable                   
00000c0f  UARTEnable                    
0000026d  UARTStdioConfig               
000003bd  UARTgetc                      
00000303  UARTgets                      
000006df  UARTprintf                    
000003e5  UARTvprintf                   
000002b3  UARTwrite                     
20000200  __STACK_END                   
00000200  __STACK_SIZE                  
20000200  __STACK_TOP                   
00000d38  __TI_CINIT_Base               
00000d40  __TI_CINIT_Limit              
00000d28  __TI_Handler_Table_Base       
00000d30  __TI_Handler_Table_Limit      
00000a89  __TI_auto_init_nobinit_nopinit
0000098d  __TI_decompress_lzss          
00000c23  __TI_decompress_none          
ffffffff  __TI_pprof_out_hndl           
ffffffff  __TI_prof_data_size           
ffffffff  __TI_prof_data_start          
00000000  __TI_static_base__            
00000a87  __aeabi_idiv0                 
00000a87  __aeabi_ldiv0                 
000008f1  __aeabi_memcpy                
000008f1  __aeabi_memcpy4               
000008f1  __aeabi_memcpy8               
00000acd  __aeabi_uidiv                 
00000acd  __aeabi_uidivmod              
ffffffff  __binit__                     
ffffffff  __c_args__                    
UNDEFED   __mpu_init                    
20000000  __stack                       
20000000  __start___llvm_prf_cnts       
20000000  __stop___llvm_prf_cnts        
00000b79  _c_int00_noargs               
UNDEFED   _system_post_cinit            
00000c5d  _system_pre_init              
00000c61  abort                         
ffffffff  binit                         
00000000  g_pfnVectors                  
00000703  main                          
000008f1  memcpy                        


GLOBAL SYMBOLS: SORTED BY Symbol Address 

address   name                          
-------   ----                          
00000000  __TI_static_base__            
00000000  g_pfnVectors                  
00000200  __STACK_SIZE                  
0000026d  UARTStdioConfig               
000002b3  UARTwrite                     
00000303  UARTgets                      
000003bd  UARTgetc                      
000003e5  UARTvprintf                   
000006df  UARTprintf                    
00000703  main                          
00000785  GPIOPadConfigSet              
000008f1  __aeabi_memcpy                
000008f1  __aeabi_memcpy4               
000008f1  __aeabi_memcpy8               
000008f1  memcpy                        
0000098d  __TI_decompress_lzss          
000009f5  GPIOPinConfigure              
00000a41  UARTConfigSetExpClk           
00000a87  __aeabi_idiv0                 
00000a87  __aeabi_ldiv0                 
00000a89  __TI_auto_init_nobinit_nopinit
00000acd  __aeabi_uidiv                 
00000acd  __aeabi_uidivmod              
00000b0d  SysCtlPeripheralPresent       
00000b45  SysCtlPeripheralEnable        
00000b79  _c_int00_noargs               
00000bad  GPIODirModeSet                
00000bd9  UARTDisable                   
00000bf9  GPIOPinTypeUART               
00000c0f  UARTEnable                    
00000c23  __TI_decompress_none          
00000c31  ResetISR                      
00000c3d  UARTCharGet                   
00000c47  UARTCharPut                   
00000c51  SysCtlDelay                   
00000c57  UARTClockSourceSet            
00000c5d  _system_pre_init              
00000c61  C$$EXIT                       
00000c61  abort                         
00000d28  __TI_Handler_Table_Base       
00000d30  __TI_Handler_Table_Limit      
00000d38  __TI_CINIT_Base               
00000d40  __TI_CINIT_Limit              
20000000  __stack                       
20000000  __start___llvm_prf_cnts       
20000000  __stop___llvm_prf_cnts        
20000200  __STACK_END                   
20000200  __STACK_TOP                   
ffffffff  __TI_pprof_out_hndl           
ffffffff  __TI_prof_data_size           
ffffffff  __TI_prof_data_start          
ffffffff  __binit__                     
ffffffff  __c_args__                    
ffffffff  binit                         
UNDEFED   __mpu_init                    
UNDEFED   _system_post_cinit            

[56 symbols]
