******************************************************************************
                  TI ARM Linker PC v20.2.7                     
******************************************************************************
>> Linked Fri Jan  6 14:48:54 2023

OUTPUT FILE NAME:   <I2C_Master.out>
ENTRY POINT SYMBOL: "_c_int00_noargs"  address: 00001025


MEMORY CONFIGURATION

         name            origin    length      used     unused   attr    fill
----------------------  --------  ---------  --------  --------  ----  --------
  FLASH                 00000000   00040000  000012ca  0003ed36  R  X
  SRAM                  20000000   00008000  00000205  00007dfb  RW X


SEGMENT ALLOCATION MAP

run origin  load origin   length   init length attrs members
----------  ----------- ---------- ----------- ----- -------
00000000    00000000    000012d0   000012d0    r-x
  00000000    00000000    0000026c   0000026c    r-- .intvecs
  0000026c    0000026c    00000f1a   00000f1a    r-x .text
  00001188    00001188    0000012c   0000012c    r-- .const
  000012b8    000012b8    00000018   00000018    r-- .cinit
20000000    20000000    00000205   00000000    rw-
  20000000    20000000    00000200   00000000    rw- .stack
  20000200    20000200    00000005   00000000    rw- .data


SECTION ALLOCATION MAP

 output                                  attributes/
section   page    origin      length       input sections
--------  ----  ----------  ----------   ----------------
.intvecs   0    00000000    0000026c     
                  00000000    0000026c     tm4c123gh6pm_startup_ccs.obj (.intvecs)

.text      0    0000026c    00000f1a     
                  0000026c    0000071c      I2C_Master.obj (.text)
                  00000988    0000016c     driverlib.lib : gpio.obj (.text:GPIOPadConfigSet)
                  00000af4    00000118                   : sysctl.obj (.text:SysCtlClockGet)
                  00000c0c    000000f4                   : sysctl.obj (.text:SysCtlClockSet)
                  00000d00    0000009c     rtsv7M4_T_le_v4SPD16_eabi.lib : memcpy_t2.asm.obj (.text)
                  00000d9c    00000068                                   : copy_decompress_lzss.c.obj (.text:decompress:lzss:__TI_decompress_lzss)
                  00000e04    00000050     driverlib.lib : sysctl.obj (.text:SysCtlPeripheralReset)
                  00000e54    0000004c                   : gpio.obj (.text:GPIOPinConfigure)
                  00000ea0    0000004c                   : i2c.obj (.text:I2CMasterInitExpClk)
                  00000eec    00000046                   : uart.obj (.text:UARTConfigSetExpClk)
                  00000f32    00000002     rtsv7M4_T_le_v4SPD16_eabi.lib : div0.asm.obj (.text)
                  00000f34    00000044                                   : autoinit.c.obj (.text:__TI_auto_init_nobinit_nopinit:__TI_auto_init_nobinit_nopinit)
                  00000f78    00000040                                   : u_divt2.asm.obj (.text)
                  00000fb8    00000038     driverlib.lib : sysctl.obj (.text:SysCtlPeripheralPresent)
                  00000ff0    00000034                   : sysctl.obj (.text:SysCtlPeripheralEnable)
                  00001024    00000034     rtsv7M4_T_le_v4SPD16_eabi.lib : boot_cortex_m.c.obj (.text:_c_int00_noargs:_c_int00_noargs)
                  00001058    0000002c     driverlib.lib : gpio.obj (.text:GPIODirModeSet)
                  00001084    00000020                   : uart.obj (.text:UARTDisable)
                  000010a4    00000016                   : gpio.obj (.text:GPIOPinTypeI2C)
                  000010ba    00000016                   : gpio.obj (.text:GPIOPinTypeI2CSCL)
                  000010d0    00000016                   : gpio.obj (.text:GPIOPinTypeUART)
                  000010e6    00000014                   : uart.obj (.text:UARTEnable)
                  000010fa    00000010                   : interrupt.obj (.text:IntMasterEnable)
                  0000110a    0000000e                   : uart.obj (.text:UARTCharsAvail)
                  00001118    0000000e     rtsv7M4_T_le_v4SPD16_eabi.lib : copy_decompress_none.c.obj (.text:decompress:none:__TI_decompress_none)
                  00001126    0000000c     driverlib.lib : cpu.obj (.text:CPUcpsie)
                  00001132    0000000c     tm4c123gh6pm_startup_ccs.obj (.text)
                  0000113e    0000000a     driverlib.lib : i2c.obj (.text:I2CMasterEnable)
                  00001148    0000000a                   : uart.obj (.text:UARTCharGet)
                  00001152    0000000a                   : uart.obj (.text:UARTCharPut)
                  0000115c    00000008                   : i2c.obj (.text:I2CMasterSlaveAddrSet)
                  00001164    00000006                   : i2c.obj (.text:I2CMasterIntEnable)
                  0000116a    00000006                   : sysctl.obj (.text:SysCtlDelay)
                  00001170    00000006                   : uart.obj (.text:UARTClockSourceSet)
                  00001176    00000004                   : i2c.obj (.text:I2CMasterControl)
                  0000117a    00000004                   : i2c.obj (.text:I2CMasterDataPut)
                  0000117e    00000004     rtsv7M4_T_le_v4SPD16_eabi.lib : pre_init.c.obj (.text:_system_pre_init)
                  00001182    00000004                                   : exit.c.obj (.text:abort:abort)

.const     0    00001188    0000012c     
                  00001188    00000090     driverlib.lib : gpio.obj (.const:g_pui32GPIOBaseAddrs)
                  00001218    0000006c                   : sysctl.obj (.const:g_pui32Xtals)
                  00001284    00000012      I2C_Master.obj (.const:.string)
                  00001296    00000002     --HOLE-- [fill = 0]
                  00001298    0000000c      I2C_Master.obj (.const:g_ui32UARTBase)
                  000012a4    0000000c      I2C_Master.obj (.const:g_ui32UARTPeriph)
                  000012b0    00000004      I2C_Master.obj (.const)

.cinit     0    000012b8    00000018     
                  000012b8    00000008     (__TI_handler_table)
                  000012c0    00000007     (.cinit..data.load) [load image, compression = lzss]
                  000012c7    00000001     --HOLE-- [fill = 0]
                  000012c8    00000008     (__TI_cinit_table)

.init_array 
*          0    00000000    00000000     UNINITIALIZED

.data      0    20000200    00000005     UNINITIALIZED
                  20000200    00000005      I2C_Master.obj (.data)

.stack     0    20000000    00000200     UNINITIALIZED
                  20000000    00000004     rtsv7M4_T_le_v4SPD16_eabi.lib : boot_cortex_m.c.obj (.stack)
                  20000004    000001fc     --HOLE--

__llvm_prf_cnts 
*          0    20000000    00000000     UNINITIALIZED

MODULE SUMMARY

       Module                         code   ro data   rw data
       ------                         ----   -------   -------
    .\
        I2C_Master.obj                1820   46        5      
       tm4c123gh6pm_startup_ccs.obj   12     620       0      
    +--+------------------------------+------+---------+---------+
       Total:                         1832   666       5      
                                                              
    ../driverlib.lib
       sysctl.obj                     718    108       0      
       gpio.obj                       550    144       0      
       uart.obj                       162    0         0      
       i2c.obj                        108    0         0      
       interrupt.obj                  16     0         0      
       cpu.obj                        12     0         0      
    +--+------------------------------+------+---------+---------+
       Total:                         1566   252       0      
                                                              
    C:\ti\ccs1210\ccs\tools\compiler\ti-cgt-arm_20.2.7.LTS\lib\rtsv7M4_T_le_v4SPD16_eabi.lib
       memcpy_t2.asm.obj              156    0         0      
       copy_decompress_lzss.c.obj     104    0         0      
       autoinit.c.obj                 68     0         0      
       u_divt2.asm.obj                64     0         0      
       boot_cortex_m.c.obj            52     0         0      
       copy_decompress_none.c.obj     14     0         0      
       exit.c.obj                     4      0         0      
       pre_init.c.obj                 4      0         0      
       div0.asm.obj                   2      0         0      
    +--+------------------------------+------+---------+---------+
       Total:                         468    0         0      
                                                              
       Stack:                         0      0         512    
       Linker Generated:              0      23        0      
    +--+------------------------------+------+---------+---------+
       Grand Total:                   3866   941       517    


LINKER GENERATED COPY TABLES

__TI_cinit_table @ 000012c8 records: 1, size/record: 8, table size: 8
	.data: load addr=000012c0, load size=00000007 bytes, run addr=20000200, run size=00000005 bytes, compression=lzss


LINKER GENERATED HANDLER TABLE

__TI_handler_table @ 000012b8 records: 2, size/record: 4, table size: 8
	index: 0, handler: __TI_decompress_lzss
	index: 1, handler: __TI_decompress_none


GLOBAL SYMBOLS: SORTED ALPHABETICALLY BY Name 

address   name                          
-------   ----                          
00001183  C$$EXIT                       
00001127  CPUcpsie                      
00001059  GPIODirModeSet                
00000989  GPIOPadConfigSet              
00000e55  GPIOPinConfigure              
000010a5  GPIOPinTypeI2C                
000010bb  GPIOPinTypeI2CSCL             
000010d1  GPIOPinTypeUART               
0000073f  I2C0_Init                     
0000077f  I2C0_Send                     
00001177  I2CMasterControl              
0000117b  I2CMasterDataPut              
0000113f  I2CMasterEnable               
00000ea1  I2CMasterInitExpClk           
00001165  I2CMasterIntEnable            
0000115d  I2CMasterSlaveAddrSet         
00000703  InitConsole                   
000010fb  IntMasterEnable               
00001133  ResetISR                      
00000af5  SysCtlClockGet                
00000c0d  SysCtlClockSet                
0000116b  SysCtlDelay                   
00000ff1  SysCtlPeripheralEnable        
00000fb9  SysCtlPeripheralPresent       
00000e05  SysCtlPeripheralReset         
00001149  UARTCharGet                   
00001153  UARTCharPut                   
0000110b  UARTCharsAvail                
00001171  UARTClockSourceSet            
00000eed  UARTConfigSetExpClk           
00001085  UARTDisable                   
000010e7  UARTEnable                    
0000026d  UARTStdioConfig               
000003bd  UARTgetc                      
00000303  UARTgets                      
000006df  UARTprintf                    
000003e5  UARTvprintf                   
000002b3  UARTwrite                     
20000200  __STACK_END                   
00000200  __STACK_SIZE                  
20000200  __STACK_TOP                   
000012c8  __TI_CINIT_Base               
000012d0  __TI_CINIT_Limit              
000012b8  __TI_Handler_Table_Base       
000012c0  __TI_Handler_Table_Limit      
00000f35  __TI_auto_init_nobinit_nopinit
00000d9d  __TI_decompress_lzss          
00001119  __TI_decompress_none          
ffffffff  __TI_pprof_out_hndl           
ffffffff  __TI_prof_data_size           
ffffffff  __TI_prof_data_start          
00000000  __TI_static_base__            
00000f33  __aeabi_idiv0                 
00000f33  __aeabi_ldiv0                 
00000d01  __aeabi_memcpy                
00000d01  __aeabi_memcpy4               
00000d01  __aeabi_memcpy8               
00000f79  __aeabi_uidiv                 
00000f79  __aeabi_uidivmod              
ffffffff  __binit__                     
ffffffff  __c_args__                    
UNDEFED   __mpu_init                    
20000000  __stack                       
20000000  __start___llvm_prf_cnts       
20000000  __stop___llvm_prf_cnts        
00001025  _c_int00_noargs               
UNDEFED   _system_post_cinit            
0000117f  _system_pre_init              
00001183  abort                         
ffffffff  binit                         
00000000  g_pfnVectors                  
000007b3  main                          
00000d01  memcpy                        


GLOBAL SYMBOLS: SORTED BY Symbol Address 

address   name                          
-------   ----                          
00000000  __TI_static_base__            
00000000  g_pfnVectors                  
00000200  __STACK_SIZE                  
0000026d  UARTStdioConfig               
000002b3  UARTwrite                     
00000303  UARTgets                      
000003bd  UARTgetc                      
000003e5  UARTvprintf                   
000006df  UARTprintf                    
00000703  InitConsole                   
0000073f  I2C0_Init                     
0000077f  I2C0_Send                     
000007b3  main                          
00000989  GPIOPadConfigSet              
00000af5  SysCtlClockGet                
00000c0d  SysCtlClockSet                
00000d01  __aeabi_memcpy                
00000d01  __aeabi_memcpy4               
00000d01  __aeabi_memcpy8               
00000d01  memcpy                        
00000d9d  __TI_decompress_lzss          
00000e05  SysCtlPeripheralReset         
00000e55  GPIOPinConfigure              
00000ea1  I2CMasterInitExpClk           
00000eed  UARTConfigSetExpClk           
00000f33  __aeabi_idiv0                 
00000f33  __aeabi_ldiv0                 
00000f35  __TI_auto_init_nobinit_nopinit
00000f79  __aeabi_uidiv                 
00000f79  __aeabi_uidivmod              
00000fb9  SysCtlPeripheralPresent       
00000ff1  SysCtlPeripheralEnable        
00001025  _c_int00_noargs               
00001059  GPIODirModeSet                
00001085  UARTDisable                   
000010a5  GPIOPinTypeI2C                
000010bb  GPIOPinTypeI2CSCL             
000010d1  GPIOPinTypeUART               
000010e7  UARTEnable                    
000010fb  IntMasterEnable               
0000110b  UARTCharsAvail                
00001119  __TI_decompress_none          
00001127  CPUcpsie                      
00001133  ResetISR                      
0000113f  I2CMasterEnable               
00001149  UARTCharGet                   
00001153  UARTCharPut                   
0000115d  I2CMasterSlaveAddrSet         
00001165  I2CMasterIntEnable            
0000116b  SysCtlDelay                   
00001171  UARTClockSourceSet            
00001177  I2CMasterControl              
0000117b  I2CMasterDataPut              
0000117f  _system_pre_init              
00001183  C$$EXIT                       
00001183  abort                         
000012b8  __TI_Handler_Table_Base       
000012c0  __TI_Handler_Table_Limit      
000012c8  __TI_CINIT_Base               
000012d0  __TI_CINIT_Limit              
20000000  __stack                       
20000000  __start___llvm_prf_cnts       
20000000  __stop___llvm_prf_cnts        
20000200  __STACK_END                   
20000200  __STACK_TOP                   
ffffffff  __TI_pprof_out_hndl           
ffffffff  __TI_prof_data_size           
ffffffff  __TI_prof_data_start          
ffffffff  __binit__                     
ffffffff  __c_args__                    
ffffffff  binit                         
UNDEFED   __mpu_init                    
UNDEFED   _system_post_cinit            

[73 symbols]
