******************************************************************************
                  TI ARM Linker PC v20.2.7                     
******************************************************************************
>> Linked Sat Jan  7 14:12:57 2023

OUTPUT FILE NAME:   <SPI_MASTER.out>
ENTRY POINT SYMBOL: "_c_int00_noargs"  address: 00000ecd


MEMORY CONFIGURATION

         name            origin    length      used     unused   attr    fill
----------------------  --------  ---------  --------  --------  ----  --------
  FLASH                 00000000   00040000  0000114a  0003eeb6  R  X
  SRAM                  20000000   00008000  00000205  00007dfb  RW X


SEGMENT ALLOCATION MAP

run origin  load origin   length   init length attrs members
----------  ----------- ---------- ----------- ----- -------
00000000    00000000    00001150   00001150    r-x
  00000000    00000000    0000026c   0000026c    r-- .intvecs
  0000026c    0000026c    00000d9a   00000d9a    r-x .text
  00001008    00001008    0000012c   0000012c    r-- .const
  00001138    00001138    00000018   00000018    r-- .cinit
20000000    20000000    00000205   00000000    rw-
  20000000    20000000    00000200   00000000    rw- .stack
  20000200    20000200    00000005   00000000    rw- .data


SECTION ALLOCATION MAP

 output                                  attributes/
section   page    origin      length       input sections
--------  ----  ----------  ----------   ----------------
.intvecs   0    00000000    0000026c     
                  00000000    0000026c     tm4c123gh6pm_startup_ccs.obj (.intvecs)

.text      0    0000026c    00000d9a     
                  0000026c    00000624     SPI_MASTER.obj (.text)
                  00000890    0000016c     driverlib.lib : gpio.obj (.text:GPIOPadConfigSet)
                  000009fc    00000118                   : sysctl.obj (.text:SysCtlClockGet)
                  00000b14    000000f4                   : sysctl.obj (.text:SysCtlClockSet)
                  00000c08    0000009c     rtsv7M4_T_le_v4SPD16_eabi.lib : memcpy_t2.asm.obj (.text)
                  00000ca4    00000068                                   : copy_decompress_lzss.c.obj (.text:decompress:lzss:__TI_decompress_lzss)
                  00000d0c    0000004c     driverlib.lib : gpio.obj (.text:GPIOPinConfigure)
                  00000d58    00000046                   : uart.obj (.text:UARTConfigSetExpClk)
                  00000d9e    00000002     rtsv7M4_T_le_v4SPD16_eabi.lib : div0.asm.obj (.text)
                  00000da0    00000044                                   : autoinit.c.obj (.text:__TI_auto_init_nobinit_nopinit:__TI_auto_init_nobinit_nopinit)
                  00000de4    00000040                                   : u_divt2.asm.obj (.text)
                  00000e24    0000003c     driverlib.lib : ssi.obj (.text:SSIConfigSetExpClk)
                  00000e60    00000038                   : sysctl.obj (.text:SysCtlPeripheralPresent)
                  00000e98    00000034                   : sysctl.obj (.text:SysCtlPeripheralEnable)
                  00000ecc    00000034     rtsv7M4_T_le_v4SPD16_eabi.lib : boot_cortex_m.c.obj (.text:_c_int00_noargs:_c_int00_noargs)
                  00000f00    0000002c     driverlib.lib : gpio.obj (.text:GPIODirModeSet)
                  00000f2c    00000020                   : uart.obj (.text:UARTDisable)
                  00000f4c    00000016                   : gpio.obj (.text:GPIOPinTypeGPIOInput)
                  00000f62    00000016                   : gpio.obj (.text:GPIOPinTypeSSI)
                  00000f78    00000016                   : gpio.obj (.text:GPIOPinTypeUART)
                  00000f8e    00000014                   : uart.obj (.text:UARTEnable)
                  00000fa2    0000000e     rtsv7M4_T_le_v4SPD16_eabi.lib : copy_decompress_none.c.obj (.text:decompress:none:__TI_decompress_none)
                  00000fb0    0000000c     tm4c123gh6pm_startup_ccs.obj (.text)
                  00000fbc    0000000a     driverlib.lib : ssi.obj (.text:SSIDataPut)
                  00000fc6    0000000a                   : ssi.obj (.text:SSIEnable)
                  00000fd0    0000000a                   : uart.obj (.text:UARTCharGet)
                  00000fda    0000000a                   : uart.obj (.text:UARTCharPut)
                  00000fe4    00000008                   : ssi.obj (.text:SSIBusy)
                  00000fec    00000006                   : gpio.obj (.text:GPIOPinRead)
                  00000ff2    00000006                   : sysctl.obj (.text:SysCtlDelay)
                  00000ff8    00000006                   : uart.obj (.text:UARTClockSourceSet)
                  00000ffe    00000004     rtsv7M4_T_le_v4SPD16_eabi.lib : pre_init.c.obj (.text:_system_pre_init)
                  00001002    00000004                                   : exit.c.obj (.text:abort:abort)

.const     0    00001008    0000012c     
                  00001008    00000090     driverlib.lib : gpio.obj (.const:g_pui32GPIOBaseAddrs)
                  00001098    0000006c                   : sysctl.obj (.const:g_pui32Xtals)
                  00001104    00000012     SPI_MASTER.obj (.const:.string)
                  00001116    00000002     --HOLE-- [fill = 0]
                  00001118    0000000c     SPI_MASTER.obj (.const:g_ui32UARTBase)
                  00001124    0000000c     SPI_MASTER.obj (.const:g_ui32UARTPeriph)
                  00001130    00000004     SPI_MASTER.obj (.const)

.cinit     0    00001138    00000018     
                  00001138    00000008     (__TI_handler_table)
                  00001140    00000007     (.cinit..data.load) [load image, compression = lzss]
                  00001147    00000001     --HOLE-- [fill = 0]
                  00001148    00000008     (__TI_cinit_table)

.init_array 
*          0    00000000    00000000     UNINITIALIZED

.data      0    20000200    00000005     UNINITIALIZED
                  20000200    00000005     SPI_MASTER.obj (.data)

.stack     0    20000000    00000200     UNINITIALIZED
                  20000000    00000004     rtsv7M4_T_le_v4SPD16_eabi.lib : boot_cortex_m.c.obj (.stack)
                  20000004    000001fc     --HOLE--

__llvm_prf_cnts 
*          0    20000000    00000000     UNINITIALIZED

MODULE SUMMARY

       Module                         code   ro data   rw data
       ------                         ----   -------   -------
    .\
       SPI_MASTER.obj                 1572   46        5      
       tm4c123gh6pm_startup_ccs.obj   12     620       0      
    +--+------------------------------+------+---------+---------+
       Total:                         1584   666       5      
                                                              
    ../driverlib.lib
       sysctl.obj                     638    108       0      
       gpio.obj                       556    144       0      
       uart.obj                       148    0         0      
       ssi.obj                        88     0         0      
    +--+------------------------------+------+---------+---------+
       Total:                         1430   252       0      
                                                              
    C:\ti\ccs1210\ccs\tools\compiler\ti-cgt-arm_20.2.7.LTS\lib\rtsv7M4_T_le_v4SPD16_eabi.lib
       memcpy_t2.asm.obj              156    0         0      
       copy_decompress_lzss.c.obj     104    0         0      
       autoinit.c.obj                 68     0         0      
       u_divt2.asm.obj                64     0         0      
       boot_cortex_m.c.obj            52     0         0      
       copy_decompress_none.c.obj     14     0         0      
       exit.c.obj                     4      0         0      
       pre_init.c.obj                 4      0         0      
       div0.asm.obj                   2      0         0      
    +--+------------------------------+------+---------+---------+
       Total:                         468    0         0      
                                                              
       Stack:                         0      0         512    
       Linker Generated:              0      23        0      
    +--+------------------------------+------+---------+---------+
       Grand Total:                   3482   941       517    


LINKER GENERATED COPY TABLES

__TI_cinit_table @ 00001148 records: 1, size/record: 8, table size: 8
	.data: load addr=00001140, load size=00000007 bytes, run addr=20000200, run size=00000005 bytes, compression=lzss


LINKER GENERATED HANDLER TABLE

__TI_handler_table @ 00001138 records: 2, size/record: 4, table size: 8
	index: 0, handler: __TI_decompress_lzss
	index: 1, handler: __TI_decompress_none


GLOBAL SYMBOLS: SORTED ALPHABETICALLY BY Name 

address   name                          
-------   ----                          
00001003  C$$EXIT                       
00000f01  GPIODirModeSet                
00000891  GPIOPadConfigSet              
00000d0d  GPIOPinConfigure              
00000fed  GPIOPinRead                   
00000f4d  GPIOPinTypeGPIOInput          
00000f63  GPIOPinTypeSSI                
00000f79  GPIOPinTypeUART               
00000fb1  ResetISR                      
00000fe5  SSIBusy                       
00000e25  SSIConfigSetExpClk            
00000fbd  SSIDataPut                    
00000fc7  SSIEnable                     
000009fd  SysCtlClockGet                
00000b15  SysCtlClockSet                
00000ff3  SysCtlDelay                   
00000e99  SysCtlPeripheralEnable        
00000e61  SysCtlPeripheralPresent       
00000fd1  UARTCharGet                   
00000fdb  UARTCharPut                   
00000ff9  UARTClockSourceSet            
00000d59  UARTConfigSetExpClk           
00000f2d  UARTDisable                   
00000f8f  UARTEnable                    
0000026d  UARTStdioConfig               
000003bd  UARTgetc                      
00000303  UARTgets                      
000006df  UARTprintf                    
000003e5  UARTvprintf                   
000002b3  UARTwrite                     
20000200  __STACK_END                   
00000200  __STACK_SIZE                  
20000200  __STACK_TOP                   
00001148  __TI_CINIT_Base               
00001150  __TI_CINIT_Limit              
00001138  __TI_Handler_Table_Base       
00001140  __TI_Handler_Table_Limit      
00000da1  __TI_auto_init_nobinit_nopinit
00000ca5  __TI_decompress_lzss          
00000fa3  __TI_decompress_none          
ffffffff  __TI_pprof_out_hndl           
ffffffff  __TI_prof_data_size           
ffffffff  __TI_prof_data_start          
00000000  __TI_static_base__            
00000d9f  __aeabi_idiv0                 
00000d9f  __aeabi_ldiv0                 
00000c09  __aeabi_memcpy                
00000c09  __aeabi_memcpy4               
00000c09  __aeabi_memcpy8               
00000de5  __aeabi_uidiv                 
00000de5  __aeabi_uidivmod              
ffffffff  __binit__                     
ffffffff  __c_args__                    
UNDEFED   __mpu_init                    
20000000  __stack                       
20000000  __start___llvm_prf_cnts       
20000000  __stop___llvm_prf_cnts        
00000ecd  _c_int00_noargs               
UNDEFED   _system_post_cinit            
00000fff  _system_pre_init              
00001003  abort                         
ffffffff  binit                         
00000000  g_pfnVectors                  
00000707  main                          
00000c09  memcpy                        


GLOBAL SYMBOLS: SORTED BY Symbol Address 

address   name                          
-------   ----                          
00000000  __TI_static_base__            
00000000  g_pfnVectors                  
00000200  __STACK_SIZE                  
0000026d  UARTStdioConfig               
000002b3  UARTwrite                     
00000303  UARTgets                      
000003bd  UARTgetc                      
000003e5  UARTvprintf                   
000006df  UARTprintf                    
00000707  main                          
00000891  GPIOPadConfigSet              
000009fd  SysCtlClockGet                
00000b15  SysCtlClockSet                
00000c09  __aeabi_memcpy                
00000c09  __aeabi_memcpy4               
00000c09  __aeabi_memcpy8               
00000c09  memcpy                        
00000ca5  __TI_decompress_lzss          
00000d0d  GPIOPinConfigure              
00000d59  UARTConfigSetExpClk           
00000d9f  __aeabi_idiv0                 
00000d9f  __aeabi_ldiv0                 
00000da1  __TI_auto_init_nobinit_nopinit
00000de5  __aeabi_uidiv                 
00000de5  __aeabi_uidivmod              
00000e25  SSIConfigSetExpClk            
00000e61  SysCtlPeripheralPresent       
00000e99  SysCtlPeripheralEnable        
00000ecd  _c_int00_noargs               
00000f01  GPIODirModeSet                
00000f2d  UARTDisable                   
00000f4d  GPIOPinTypeGPIOInput          
00000f63  GPIOPinTypeSSI                
00000f79  GPIOPinTypeUART               
00000f8f  UARTEnable                    
00000fa3  __TI_decompress_none          
00000fb1  ResetISR                      
00000fbd  SSIDataPut                    
00000fc7  SSIEnable                     
00000fd1  UARTCharGet                   
00000fdb  UARTCharPut                   
00000fe5  SSIBusy                       
00000fed  GPIOPinRead                   
00000ff3  SysCtlDelay                   
00000ff9  UARTClockSourceSet            
00000fff  _system_pre_init              
00001003  C$$EXIT                       
00001003  abort                         
00001138  __TI_Handler_Table_Base       
00001140  __TI_Handler_Table_Limit      
00001148  __TI_CINIT_Base               
00001150  __TI_CINIT_Limit              
20000000  __stack                       
20000000  __start___llvm_prf_cnts       
20000000  __stop___llvm_prf_cnts        
20000200  __STACK_END                   
20000200  __STACK_TOP                   
ffffffff  __TI_pprof_out_hndl           
ffffffff  __TI_prof_data_size           
ffffffff  __TI_prof_data_start          
ffffffff  __binit__                     
ffffffff  __c_args__                    
ffffffff  binit                         
UNDEFED   __mpu_init                    
UNDEFED   _system_post_cinit            

[65 symbols]
