******************************************************************************
                  TI ARM Linker PC v20.2.7                     
******************************************************************************
>> Linked Sat Jan  7 15:06:29 2023

OUTPUT FILE NAME:   <I2C_MASTER_2ND_LOGIC.out>
ENTRY POINT SYMBOL: "_c_int00_noargs"  address: 000010a5


MEMORY CONFIGURATION

         name            origin    length      used     unused   attr    fill
----------------------  --------  ---------  --------  --------  ----  --------
  FLASH                 00000000   00040000  00001366  0003ec9a  R  X
  SRAM                  20000000   00008000  0000020d  00007df3  RW X


SEGMENT ALLOCATION MAP

run origin  load origin   length   init length attrs members
----------  ----------- ---------- ----------- ----- -------
00000000    00000000    00001368   00001368    r-x
  00000000    00000000    0000026c   0000026c    r-- .intvecs
  0000026c    0000026c    00000fb6   00000fb6    r-x .text
  00001224    00001224    0000012c   0000012c    r-- .const
  00001350    00001350    00000018   00000018    r-- .cinit
20000000    20000000    0000020d   00000000    rw-
  20000000    20000000    00000200   00000000    rw- .stack
  20000200    20000200    0000000d   00000000    rw- .data


SECTION ALLOCATION MAP

 output                                  attributes/
section   page    origin      length       input sections
--------  ----  ----------  ----------   ----------------
.intvecs   0    00000000    0000026c     
                  00000000    0000026c     tm4c123gh6pm_startup_ccs.obj (.intvecs)

.text      0    0000026c    00000fb6     
                  0000026c    0000079c      I2C_MASTER_2ND_LOGIC.obj (.text)
                  00000a08    0000016c     driverlib.lib : gpio.obj (.text:GPIOPadConfigSet)
                  00000b74    00000118                   : sysctl.obj (.text:SysCtlClockGet)
                  00000c8c    000000f4                   : sysctl.obj (.text:SysCtlClockSet)
                  00000d80    0000009c     rtsv7M4_T_le_v4SPD16_eabi.lib : memcpy_t2.asm.obj (.text)
                  00000e1c    00000068                                   : copy_decompress_lzss.c.obj (.text:decompress:lzss:__TI_decompress_lzss)
                  00000e84    00000050     driverlib.lib : sysctl.obj (.text:SysCtlPeripheralReset)
                  00000ed4    0000004c                   : gpio.obj (.text:GPIOPinConfigure)
                  00000f20    0000004c                   : i2c.obj (.text:I2CMasterInitExpClk)
                  00000f6c    00000046                   : uart.obj (.text:UARTConfigSetExpClk)
                  00000fb2    00000002     rtsv7M4_T_le_v4SPD16_eabi.lib : div0.asm.obj (.text)
                  00000fb4    00000044                                   : autoinit.c.obj (.text:__TI_auto_init_nobinit_nopinit:__TI_auto_init_nobinit_nopinit)
                  00000ff8    00000040                                   : u_divt2.asm.obj (.text)
                  00001038    00000038     driverlib.lib : sysctl.obj (.text:SysCtlPeripheralPresent)
                  00001070    00000034                   : sysctl.obj (.text:SysCtlPeripheralEnable)
                  000010a4    00000034     rtsv7M4_T_le_v4SPD16_eabi.lib : boot_cortex_m.c.obj (.text:_c_int00_noargs:_c_int00_noargs)
                  000010d8    0000002c     driverlib.lib : gpio.obj (.text:GPIODirModeSet)
                  00001104    00000020                   : uart.obj (.text:UARTDisable)
                  00001124    00000016                   : gpio.obj (.text:GPIOPinTypeGPIOInput)
                  0000113a    00000016                   : gpio.obj (.text:GPIOPinTypeI2C)
                  00001150    00000016                   : gpio.obj (.text:GPIOPinTypeI2CSCL)
                  00001166    00000016                   : gpio.obj (.text:GPIOPinTypeUART)
                  0000117c    00000014                   : uart.obj (.text:UARTEnable)
                  00001190    00000010                   : interrupt.obj (.text:IntMasterEnable)
                  000011a0    0000000e                   : uart.obj (.text:UARTCharsAvail)
                  000011ae    0000000e     rtsv7M4_T_le_v4SPD16_eabi.lib : copy_decompress_none.c.obj (.text:decompress:none:__TI_decompress_none)
                  000011bc    0000000c     driverlib.lib : cpu.obj (.text:CPUcpsie)
                  000011c8    0000000c     tm4c123gh6pm_startup_ccs.obj (.text)
                  000011d4    0000000a     driverlib.lib : i2c.obj (.text:I2CMasterEnable)
                  000011de    0000000a                   : uart.obj (.text:UARTCharGet)
                  000011e8    0000000a                   : uart.obj (.text:UARTCharPut)
                  000011f2    00000008                   : i2c.obj (.text:I2CMasterSlaveAddrSet)
                  000011fa    00000006                   : gpio.obj (.text:GPIOPinRead)
                  00001200    00000006                   : i2c.obj (.text:I2CMasterIntEnable)
                  00001206    00000006                   : sysctl.obj (.text:SysCtlDelay)
                  0000120c    00000006                   : uart.obj (.text:UARTClockSourceSet)
                  00001212    00000004                   : i2c.obj (.text:I2CMasterControl)
                  00001216    00000004                   : i2c.obj (.text:I2CMasterDataPut)
                  0000121a    00000004     rtsv7M4_T_le_v4SPD16_eabi.lib : pre_init.c.obj (.text:_system_pre_init)
                  0000121e    00000004                                   : exit.c.obj (.text:abort:abort)

.const     0    00001224    0000012c     
                  00001224    00000090     driverlib.lib : gpio.obj (.const:g_pui32GPIOBaseAddrs)
                  000012b4    0000006c                   : sysctl.obj (.const:g_pui32Xtals)
                  00001320    00000012      I2C_MASTER_2ND_LOGIC.obj (.const:.string)
                  00001332    00000002     --HOLE-- [fill = 0]
                  00001334    0000000c      I2C_MASTER_2ND_LOGIC.obj (.const:g_ui32UARTBase)
                  00001340    0000000c      I2C_MASTER_2ND_LOGIC.obj (.const:g_ui32UARTPeriph)
                  0000134c    00000004      I2C_MASTER_2ND_LOGIC.obj (.const)

.cinit     0    00001350    00000018     
                  00001350    00000008     (__TI_handler_table)
                  00001358    00000007     (.cinit..data.load) [load image, compression = lzss]
                  0000135f    00000001     --HOLE-- [fill = 0]
                  00001360    00000008     (__TI_cinit_table)

.init_array 
*          0    00000000    00000000     UNINITIALIZED

.data      0    20000200    0000000d     UNINITIALIZED
                  20000200    0000000d      I2C_MASTER_2ND_LOGIC.obj (.data)

.stack     0    20000000    00000200     UNINITIALIZED
                  20000000    00000004     rtsv7M4_T_le_v4SPD16_eabi.lib : boot_cortex_m.c.obj (.stack)
                  20000004    000001fc     --HOLE--

__llvm_prf_cnts 
*          0    20000000    00000000     UNINITIALIZED

MODULE SUMMARY

       Module                         code   ro data   rw data
       ------                         ----   -------   -------
    .\
        I2C_MASTER_2ND_LOGIC.obj      1948   46        13     
       tm4c123gh6pm_startup_ccs.obj   12     620       0      
    +--+------------------------------+------+---------+---------+
       Total:                         1960   666       13     
                                                              
    ../driverlib.lib
       sysctl.obj                     718    108       0      
       gpio.obj                       578    144       0      
       uart.obj                       162    0         0      
       i2c.obj                        108    0         0      
       interrupt.obj                  16     0         0      
       cpu.obj                        12     0         0      
    +--+------------------------------+------+---------+---------+
       Total:                         1594   252       0      
                                                              
    C:\ti\ccs1210\ccs\tools\compiler\ti-cgt-arm_20.2.7.LTS\lib\rtsv7M4_T_le_v4SPD16_eabi.lib
       memcpy_t2.asm.obj              156    0         0      
       copy_decompress_lzss.c.obj     104    0         0      
       autoinit.c.obj                 68     0         0      
       u_divt2.asm.obj                64     0         0      
       boot_cortex_m.c.obj            52     0         0      
       copy_decompress_none.c.obj     14     0         0      
       exit.c.obj                     4      0         0      
       pre_init.c.obj                 4      0         0      
       div0.asm.obj                   2      0         0      
    +--+------------------------------+------+---------+---------+
       Total:                         468    0         0      
                                                              
       Stack:                         0      0         512    
       Linker Generated:              0      23        0      
    +--+------------------------------+------+---------+---------+
       Grand Total:                   4022   941       525    


LINKER GENERATED COPY TABLES

__TI_cinit_table @ 00001360 records: 1, size/record: 8, table size: 8
	.data: load addr=00001358, load size=00000007 bytes, run addr=20000200, run size=0000000d bytes, compression=lzss


LINKER GENERATED HANDLER TABLE

__TI_handler_table @ 00001350 records: 2, size/record: 4, table size: 8
	index: 0, handler: __TI_decompress_lzss
	index: 1, handler: __TI_decompress_none


GLOBAL SYMBOLS: SORTED ALPHABETICALLY BY Name 

address   name                          
-------   ----                          
0000121f  C$$EXIT                       
000011bd  CPUcpsie                      
000010d9  GPIODirModeSet                
00000a09  GPIOPadConfigSet              
00000ed5  GPIOPinConfigure              
000011fb  GPIOPinRead                   
00001125  GPIOPinTypeGPIOInput          
0000113b  GPIOPinTypeI2C                
00001151  GPIOPinTypeI2CSCL             
00001167  GPIOPinTypeUART               
0000073f  I2C0_Init                     
0000077f  I2C0_Send                     
00001213  I2CMasterControl              
00001217  I2CMasterDataPut              
000011d5  I2CMasterEnable               
00000f21  I2CMasterInitExpClk           
00001201  I2CMasterIntEnable            
000011f3  I2CMasterSlaveAddrSet         
00000703  InitConsole                   
00001191  IntMasterEnable               
000011c9  ResetISR                      
00000b75  SysCtlClockGet                
00000c8d  SysCtlClockSet                
00001207  SysCtlDelay                   
00001071  SysCtlPeripheralEnable        
00001039  SysCtlPeripheralPresent       
00000e85  SysCtlPeripheralReset         
000011df  UARTCharGet                   
000011e9  UARTCharPut                   
000011a1  UARTCharsAvail                
0000120d  UARTClockSourceSet            
00000f6d  UARTConfigSetExpClk           
00001105  UARTDisable                   
0000117d  UARTEnable                    
0000026d  UARTStdioConfig               
000003bd  UARTgetc                      
00000303  UARTgets                      
000006df  UARTprintf                    
000003e5  UARTvprintf                   
000002b3  UARTwrite                     
20000200  __STACK_END                   
00000200  __STACK_SIZE                  
20000200  __STACK_TOP                   
00001360  __TI_CINIT_Base               
00001368  __TI_CINIT_Limit              
00001350  __TI_Handler_Table_Base       
00001358  __TI_Handler_Table_Limit      
00000fb5  __TI_auto_init_nobinit_nopinit
00000e1d  __TI_decompress_lzss          
000011af  __TI_decompress_none          
ffffffff  __TI_pprof_out_hndl           
ffffffff  __TI_prof_data_size           
ffffffff  __TI_prof_data_start          
00000000  __TI_static_base__            
00000fb3  __aeabi_idiv0                 
00000fb3  __aeabi_ldiv0                 
00000d81  __aeabi_memcpy                
00000d81  __aeabi_memcpy4               
00000d81  __aeabi_memcpy8               
00000ff9  __aeabi_uidiv                 
00000ff9  __aeabi_uidivmod              
ffffffff  __binit__                     
ffffffff  __c_args__                    
UNDEFED   __mpu_init                    
20000000  __stack                       
20000000  __start___llvm_prf_cnts       
20000000  __stop___llvm_prf_cnts        
000010a5  _c_int00_noargs               
UNDEFED   _system_post_cinit            
0000121b  _system_pre_init              
0000121f  abort                         
ffffffff  binit                         
00000000  g_pfnVectors                  
000007f1  main                          
00000d81  memcpy                        
20000204  switch1                       
20000208  switch2                       
000007af  switch_init                   


GLOBAL SYMBOLS: SORTED BY Symbol Address 

address   name                          
-------   ----                          
00000000  __TI_static_base__            
00000000  g_pfnVectors                  
00000200  __STACK_SIZE                  
0000026d  UARTStdioConfig               
000002b3  UARTwrite                     
00000303  UARTgets                      
000003bd  UARTgetc                      
000003e5  UARTvprintf                   
000006df  UARTprintf                    
00000703  InitConsole                   
0000073f  I2C0_Init                     
0000077f  I2C0_Send                     
000007af  switch_init                   
000007f1  main                          
00000a09  GPIOPadConfigSet              
00000b75  SysCtlClockGet                
00000c8d  SysCtlClockSet                
00000d81  __aeabi_memcpy                
00000d81  __aeabi_memcpy4               
00000d81  __aeabi_memcpy8               
00000d81  memcpy                        
00000e1d  __TI_decompress_lzss          
00000e85  SysCtlPeripheralReset         
00000ed5  GPIOPinConfigure              
00000f21  I2CMasterInitExpClk           
00000f6d  UARTConfigSetExpClk           
00000fb3  __aeabi_idiv0                 
00000fb3  __aeabi_ldiv0                 
00000fb5  __TI_auto_init_nobinit_nopinit
00000ff9  __aeabi_uidiv                 
00000ff9  __aeabi_uidivmod              
00001039  SysCtlPeripheralPresent       
00001071  SysCtlPeripheralEnable        
000010a5  _c_int00_noargs               
000010d9  GPIODirModeSet                
00001105  UARTDisable                   
00001125  GPIOPinTypeGPIOInput          
0000113b  GPIOPinTypeI2C                
00001151  GPIOPinTypeI2CSCL             
00001167  GPIOPinTypeUART               
0000117d  UARTEnable                    
00001191  IntMasterEnable               
000011a1  UARTCharsAvail                
000011af  __TI_decompress_none          
000011bd  CPUcpsie                      
000011c9  ResetISR                      
000011d5  I2CMasterEnable               
000011df  UARTCharGet                   
000011e9  UARTCharPut                   
000011f3  I2CMasterSlaveAddrSet         
000011fb  GPIOPinRead                   
00001201  I2CMasterIntEnable            
00001207  SysCtlDelay                   
0000120d  UARTClockSourceSet            
00001213  I2CMasterControl              
00001217  I2CMasterDataPut              
0000121b  _system_pre_init              
0000121f  C$$EXIT                       
0000121f  abort                         
00001350  __TI_Handler_Table_Base       
00001358  __TI_Handler_Table_Limit      
00001360  __TI_CINIT_Base               
00001368  __TI_CINIT_Limit              
20000000  __stack                       
20000000  __start___llvm_prf_cnts       
20000000  __stop___llvm_prf_cnts        
20000200  __STACK_END                   
20000200  __STACK_TOP                   
20000204  switch1                       
20000208  switch2                       
ffffffff  __TI_pprof_out_hndl           
ffffffff  __TI_prof_data_size           
ffffffff  __TI_prof_data_start          
ffffffff  __binit__                     
ffffffff  __c_args__                    
ffffffff  binit                         
UNDEFED   __mpu_init                    
UNDEFED   _system_post_cinit            

[78 symbols]
